
 Start Length Name Class
 0001:00401000 0000D78A0H _TEXT                  CODE
 0002:004D9000 0000BF254H _DATA                  DATA
 0003:00598254 00000A90CH _BSS                   BSS
 0004:00000000 00000009CH _TLS                   TLS


Detailed map of segments
 0001:00000344 0000014F C=CODE    S=_TEXT    G=(none)   M=C:\BCC582\LIB\C0W32.OBJ ACBP=A9
 0001:00000494 0000014D C=CODE    S=_TEXT    G=(none)   M=C:\SISTEMAS FIVEWIN\CONSCADNFE\OBJ\MAIN.OBJ ACBP=A9
 0001:000005E4 000016AD C=CODE    S=_TEXT    G=(none)   M=C:\SISTEMAS FIVEWIN\CONSCADNFE\OBJ\W32OLE.OBJ ACBP=A9
 0001:00001C94 0000011D C=CODE    S=_TEXT    G=(none)   M=C:\FWH1109\LIB\FIVEHX.LIB|ACTIVEX ACBP=A9
 0001:00001DB4 0000008D C=CODE    S=_TEXT    G=(none)   M=C:\FWH1109\LIB\FIVEHX.LIB|ALERT ACBP=A9
 0001:00001E44 00000270 C=CODE    S=_TEXT    G=(none)   M=C:\FWH1109\LIB\FIVEHX.LIB|BAR ACBP=A9
 0001:000020B4 00000378 C=CODE    S=_TEXT    G=(none)   M=C:\FWH1109\LIB\FIVEHX.LIB|BITMAP ACBP=A9
 0001:0000242C 00000210 C=CODE    S=_TEXT    G=(none)   M=C:\FWH1109\LIB\FIVEHX.LIB|BRUSH ACBP=A9
 0001:0000263C 0000014D C=CODE    S=_TEXT    G=(none)   M=C:\FWH1109\LIB\FIVEHX.LIB|BUTTON ACBP=A9
 0001:0000278C 00000105 C=CODE    S=_TEXT    G=(none)   M=C:\FWH1109\LIB\FIVEHX.LIB|BUTTONB ACBP=A9
 0001:00002894 0000016B C=CODE    S=_TEXT    G=(none)   M=C:\FWH1109\LIB\FIVEHX.LIB|CHECKRES ACBP=A9
 0001:00002A00 00000135 C=CODE    S=_TEXT    G=(none)   M=C:\FWH1109\LIB\FIVEHX.LIB|CLIPBRD ACBP=A9
 0001:00002B38 000000ED C=CODE    S=_TEXT    G=(none)   M=C:\FWH1109\LIB\FIVEHX.LIB|DDE ACBP=A9
 0001:00002C28 000000BD C=CODE    S=_TEXT    G=(none)   M=C:\FWH1109\LIB\FIVEHX.LIB|DLGFIND ACBP=A9
 0001:00002CE8 00000B10 C=CODE    S=_TEXT    G=(none)   M=C:\FWH1109\LIB\FIVEHX.LIB|FGET ACBP=A9
 0001:000037F8 000000A5 C=CODE    S=_TEXT    G=(none)   M=C:\FWH1109\LIB\FIVEHX.LIB|FLINE ACBP=A9
 0001:000038A0 00000225 C=CODE    S=_TEXT    G=(none)   M=C:\FWH1109\LIB\FIVEHX.LIB|FONT ACBP=A9
 0001:00003AC8 00000075 C=CODE    S=_TEXT    G=(none)   M=C:\FWH1109\LIB\FIVEHX.LIB|FWERROR ACBP=A9
 0001:00003B40 000000ED C=CODE    S=_TEXT    G=(none)   M=C:\FWH1109\LIB\FIVEHX.LIB|GTF ACBP=A9
 0001:00003C30 00000427 C=CODE    S=_TEXT    G=(none)   M=C:\FWH1109\LIB\FIVEHX.LIB|HARBOUR ACBP=A9
 0001:00004058 00000135 C=CODE    S=_TEXT    G=(none)   M=C:\FWH1109\LIB\FIVEHX.LIB|HELP32 ACBP=A9
 0001:00004190 0000037E C=CODE    S=_TEXT    G=(none)   M=C:\FWH1109\LIB\FIVEHX.LIB|HELPCHM ACBP=A9
 0001:00004510 00000135 C=CODE    S=_TEXT    G=(none)   M=C:\FWH1109\LIB\FIVEHX.LIB|ICON ACBP=A9
 0001:00004648 0000038D C=CODE    S=_TEXT    G=(none)   M=C:\FWH1109\LIB\FIVEHX.LIB|IMAGE ACBP=A9
 0001:000049D8 000000ED C=CODE    S=_TEXT    G=(none)   M=C:\FWH1109\LIB\FIVEHX.LIB|INI ACBP=A9
 0001:00004AC8 00000270 C=CODE    S=_TEXT    G=(none)   M=C:\FWH1109\LIB\FIVEHX.LIB|LISTBOX ACBP=A9
 0001:00004D38 00000135 C=CODE    S=_TEXT    G=(none)   M=C:\FWH1109\LIB\FIVEHX.LIB|MDICLIEN ACBP=A9
 0001:00004E70 0000011D C=CODE    S=_TEXT    G=(none)   M=C:\FWH1109\LIB\FIVEHX.LIB|MDIFRAME ACBP=A9
 0001:00004F90 0000005D C=CODE    S=_TEXT    G=(none)   M=C:\FWH1109\LIB\FIVEHX.LIB|MEMOEDIT ACBP=A9
 0001:00004FF0 0000017D C=CODE    S=_TEXT    G=(none)   M=C:\FWH1109\LIB\FIVEHX.LIB|MENUITEM ACBP=A9
 0001:00005170 00000330 C=CODE    S=_TEXT    G=(none)   M=C:\FWH1109\LIB\FIVEHX.LIB|MGET ACBP=A9
 0001:000054A0 0000005D C=CODE    S=_TEXT    G=(none)   M=C:\FWH1109\LIB\FIVEHX.LIB|MSGGET ACBP=A9
 0001:00005500 000000A5 C=CODE    S=_TEXT    G=(none)   M=C:\FWH1109\LIB\FIVEHX.LIB|MSGRUN ACBP=A9
 0001:000055A8 000000D5 C=CODE    S=_TEXT    G=(none)   M=C:\FWH1109\LIB\FIVEHX.LIB|PDMENU ACBP=A9
 0001:00005680 0000008D C=CODE    S=_TEXT    G=(none)   M=C:\FWH1109\LIB\FIVEHX.LIB|PEN ACBP=A9
 0001:00005710 00000318 C=CODE    S=_TEXT    G=(none)   M=C:\FWH1109\LIB\FIVEHX.LIB|PRINTER ACBP=A9
 0001:00005A28 0000014D C=CODE    S=_TEXT    G=(none)   M=C:\FWH1109\LIB\FIVEHX.LIB|RADIO ACBP=A9
 0001:00005B78 00000165 C=CODE    S=_TEXT    G=(none)   M=C:\FWH1109\LIB\FIVEHX.LIB|RADMENU ACBP=A9
 0001:00005CE0 000000A5 C=CODE    S=_TEXT    G=(none)   M=C:\FWH1109\LIB\FIVEHX.LIB|REBAR ACBP=A9
 0001:00005D88 000000D5 C=CODE    S=_TEXT    G=(none)   M=C:\FWH1109\LIB\FIVEHX.LIB|RECT ACBP=A9
 0001:00005E60 000000ED C=CODE    S=_TEXT    G=(none)   M=C:\FWH1109\LIB\FIVEHX.LIB|REG32 ACBP=A9
 0001:00005F50 0000011D C=CODE    S=_TEXT    G=(none)   M=C:\FWH1109\LIB\FIVEHX.LIB|SCRLLBAR ACBP=A9
 0001:00006070 000000ED C=CODE    S=_TEXT    G=(none)   M=C:\FWH1109\LIB\FIVEHX.LIB|SHELLAPI ACBP=A9
 0001:00006160 0000017D C=CODE    S=_TEXT    G=(none)   M=C:\FWH1109\LIB\FIVEHX.LIB|STATUSBA ACBP=A9
 0001:000062E0 000000ED C=CODE    S=_TEXT    G=(none)   M=C:\FWH1109\LIB\FIVEHX.LIB|TACCTBL ACBP=A9
 0001:000063D0 0000008D C=CODE    S=_TEXT    G=(none)   M=C:\FWH1109\LIB\FIVEHX.LIB|TCLIPGET ACBP=A9
 0001:00006460 00000480 C=CODE    S=_TEXT    G=(none)   M=C:\FWH1109\LIB\FIVEHX.LIB|TGET ACBP=A9
 0001:000068E0 0000014D C=CODE    S=_TEXT    G=(none)   M=C:\FWH1109\LIB\FIVEHX.LIB|TOOLBAR ACBP=A9
 0001:00006A30 000000D5 C=CODE    S=_TEXT    G=(none)   M=C:\FWH1109\LIB\FIVEHX.LIB|TIMAGLST ACBP=A9
 0001:00006B08 000000D5 C=CODE    S=_TEXT    G=(none)   M=C:\FWH1109\LIB\FIVEHX.LIB|TIMER ACBP=A9
 0001:00006BE0 000001DD C=CODE    S=_TEXT    G=(none)   M=C:\FWH1109\LIB\FIVEHX.LIB|TMETAFIL ACBP=A9
 0001:00006DC0 000000ED C=CODE    S=_TEXT    G=(none)   M=C:\FWH1109\LIB\FIVEHX.LIB|TMSGITEM ACBP=A9
 0001:00006EB0 000005A0 C=CODE    S=_TEXT    G=(none)   M=C:\FWH1109\LIB\FIVEHX.LIB|TRICHEDI ACBP=A9
 0001:00007450 00000105 C=CODE    S=_TEXT    G=(none)   M=C:\FWH1109\LIB\FIVEHX.LIB|TSTRUCT ACBP=A9
 0001:00007558 0000005D C=CODE    S=_TEXT    G=(none)   M=C:\FWH1109\LIB\FIVEHX.LIB|WQOUT ACBP=A9
 0001:000075B8 000000A5 C=CODE    S=_TEXT    G=(none)   M=C:\FWH1109\LIB\FIVEHX.LIB|XPAD ACBP=A9
 0001:00007660 000000A5 C=CODE    S=_TEXT    G=(none)   M=C:\FWH1109\LIB\FIVEHX.LIB|CURSOR ACBP=A9
 0001:00007708 00000153 C=CODE    S=_TEXT    G=(none)   M=C:\FWH1109\LIB\FIVEHX.LIB|GETTASKS ACBP=A9
 0001:0000785C 0000014D C=CODE    S=_TEXT    G=(none)   M=C:\FWH1109\LIB\FIVEHX.LIB|VALBLANK ACBP=A9
 0001:000079AC 0000014D C=CODE    S=_TEXT    G=(none)   M=C:\FWH1109\LIB\FIVEHX.LIB|SAY ACBP=A9
 0001:00007AFC 0000014D C=CODE    S=_TEXT    G=(none)   M=C:\FWH1109\LIB\FIVEHX.LIB|ERRSYSW ACBP=A9
 0001:00007C4C 0000054D C=CODE    S=_TEXT    G=(none)   M=C:\FWH1109\LIB\FIVEHX.LIB|PRV2PDF ACBP=A9
 0001:0000819C 00000138 C=CODE    S=_TEXT    G=(none)   M=C:\FWH1109\LIB\FIVEHX.LIB|MDICHILD ACBP=A9
 0001:000082D4 000002A0 C=CODE    S=_TEXT    G=(none)   M=C:\FWH1109\LIB\FIVEHX.LIB|MSGBAR ACBP=A9
 0001:00008574 000002D0 C=CODE    S=_TEXT    G=(none)   M=C:\FWH1109\LIB\FIVEHX.LIB|COMBOBOX ACBP=A9
 0001:00008844 00000450 C=CODE    S=_TEXT    G=(none)   M=C:\FWH1109\LIB\FIVEHX.LIB|CONTROL ACBP=A9
 0001:00008C94 00000318 C=CODE    S=_TEXT    G=(none)   M=C:\FWH1109\LIB\FIVEHX.LIB|DIALOG ACBP=A9
 0001:00008FAC 0000026D C=CODE    S=_TEXT    G=(none)   M=C:\FWH1109\LIB\FIVEHX.LIB|FILENAME ACBP=A9
 0001:0000921C 00000348 C=CODE    S=_TEXT    G=(none)   M=C:\FWH1109\LIB\FIVEHX.LIB|MENU ACBP=A9
 0001:00009564 00000105 C=CODE    S=_TEXT    G=(none)   M=C:\FWH1109\LIB\FIVEHX.LIB|OLEFUNCS ACBP=A9
 0001:0000966C 00000330 C=CODE    S=_TEXT    G=(none)   M=C:\FWH1109\LIB\FIVEHX.LIB|RPREVIEW ACBP=A9
 0001:0000999C 00000A80 C=CODE    S=_TEXT    G=(none)   M=C:\FWH1109\LIB\FIVEHX.LIB|WINDOW ACBP=A9
 0001:0000A41C 0000014D C=CODE    S=_TEXT    G=(none)   M=C:\FWH1109\LIB\FIVEHX.LIB|GETSYSIN ACBP=A9
 0001:0000A56C 000002E8 C=CODE    S=_TEXT    G=(none)   M=C:\FWH1109\LIB\FIVEHX.LIB|BTNBMP ACBP=A9
 0001:0000A854 0000012F C=CODE    S=_TEXT    G=(none)   M=C:\FWH1109\LIB\FIVEHC.LIB|BITMAPS ACBP=A9
 0001:0000A984 00000068 C=CODE    S=_TEXT    G=(none)   M=C:\FWH1109\LIB\FIVEHC.LIB|CHANGEPR ACBP=A9
 0001:0000A9EC 00000104 C=CODE    S=_TEXT    G=(none)   M=C:\FWH1109\LIB\FIVEHC.LIB|CLT2SCR ACBP=A9
 0001:0000AAF0 0000002C C=CODE    S=_TEXT    G=(none)   M=C:\FWH1109\LIB\FIVEHC.LIB|CREATEPA ACBP=A9
 0001:0000AB1C 00000729 C=CODE    S=_TEXT    G=(none)   M=C:\FWH1109\LIB\FIVEHC.LIB|CTRLDRAW ACBP=A9
 0001:0000B248 000001D5 C=CODE    S=_TEXT    G=(none)   M=C:\FWH1109\LIB\FIVEHC.LIB|MDI ACBP=A9
 0001:0000B420 00000143 C=CODE    S=_TEXT    G=(none)   M=C:\FWH1109\LIB\FIVEHC.LIB|MSGSAPI ACBP=A9
 0001:0000B564 00000403 C=CODE    S=_TEXT    G=(none)   M=C:\FWH1109\LIB\FIVEHC.LIB|MSGTOOLS ACBP=A9
 0001:0000B968 0000008C C=CODE    S=_TEXT    G=(none)   M=C:\FWH1109\LIB\FIVEHC.LIB|OCX ACBP=A9
 0001:0000B9F4 000001BD C=CODE    S=_TEXT    G=(none)   M=C:\FWH1109\LIB\FIVEHC.LIB|OEMANSI ACBP=A9
 0001:0000BBB4 000000AF C=CODE    S=_TEXT    G=(none)   M=C:\FWH1109\LIB\FIVEHC.LIB|REGIONS ACBP=A9
 0001:0000BC64 00001A80 C=CODE    S=_TEXT    G=(none)   M=C:\FWH1109\LIB\FIVEHC.LIB|RIBBON ACBP=A9
 0001:0000D6E4 00000047 C=CODE    S=_TEXT    G=(none)   M=C:\FWH1109\LIB\FIVEHC.LIB|STRING ACBP=A9
 0001:0000D72C 00000178 C=CODE    S=_TEXT    G=(none)   M=C:\FWH1109\LIB\FIVEHC.LIB|WINDOWS ACBP=A9
 0001:0000D8A4 000001D5 C=CODE    S=_TEXT    G=(none)   M=C:\FWH1109\LIB\FIVEHC.LIB|WINEXEC ACBP=A9
 0001:0000DA7C 000000A9 C=CODE    S=_TEXT    G=(none)   M=C:\FWH1109\LIB\FIVEHC.LIB|WMOUSE ACBP=A9
 0001:0000DB28 00000033 C=CODE    S=_TEXT    G=(none)   M=C:\FWH1109\LIB\FIVEHC.LIB|WNDDESTR ACBP=A9
 0001:0000DB5C 000004DC C=CODE    S=_TEXT    G=(none)   M=C:\FWH1109\LIB\FIVEHC.LIB|WNDIS ACBP=A9
 0001:0000E038 0000007D C=CODE    S=_TEXT    G=(none)   M=C:\FWH1109\LIB\FIVEHC.LIB|__WNDPRO ACBP=A9
 0001:0000E0B8 00000157 C=CODE    S=_TEXT    G=(none)   M=C:\FWH1109\LIB\FIVEHC.LIB|BMPREAD ACBP=A9
 0001:0000E210 00002B0C C=CODE    S=_TEXT    G=(none)   M=C:\FWH1109\LIB\FIVEHC.LIB|CTLHDLEH ACBP=A9
 0001:00010D1C 000006EB C=CODE    S=_TEXT    G=(none)   M=C:\FWH1109\LIB\FIVEHC.LIB|DLGBOX ACBP=A9
 0001:00011408 0000018F C=CODE    S=_TEXT    G=(none)   M=C:\FWH1109\LIB\FIVEHC.LIB|FFDLGPRC ACBP=A9
 0001:00011598 0000010C C=CODE    S=_TEXT    G=(none)   M=C:\FWH1109\LIB\FIVEHC.LIB|FFWNDRUN ACBP=A9
 0001:000116A4 000001D1 C=CODE    S=_TEXT    G=(none)   M=C:\FWH1109\LIB\FIVEHC.LIB|HARBOURC ACBP=A9
 0001:00011878 000000D3 C=CODE    S=_TEXT    G=(none)   M=C:\FWH1109\LIB\FIVEHC.LIB|REBARS ACBP=A9
 0001:0001194C 0000014D C=CODE    S=_TEXT    G=(none)   M=C:\FWH1109\LIB\FIVEHC.LIB|SYSREFRE ACBP=A9
 0001:00011A9C 000003B6 C=CODE    S=_TEXT    G=(none)   M=C:\FWH1109\LIB\FIVEHC.LIB|TOOLBARS ACBP=A9
 0001:00011E54 0000012C C=CODE    S=_TEXT    G=(none)   M=C:\FWH1109\LIB\FIVEHC.LIB|TOOLTIP ACBP=A9
 0001:00011F80 0000020C C=CODE    S=_TEXT    G=(none)   M=C:\FWH1109\LIB\FIVEHC.LIB|WNDRUN ACBP=A9
 0001:0001218C 0000006D C=CODE    S=_TEXT    G=(none)   M=C:\FWH1109\LIB\FIVEHC.LIB|XBPPPROC ACBP=A9
 0001:000121FC 0000051B C=CODE    S=_TEXT    G=(none)   M=C:\FWH1109\LIB\FIVEHC.LIB|FWPALCTL ACBP=A9
 0001:00012718 00000FC6 C=CODE    S=_TEXT    G=(none)   M=C:\FWH1109\LIB\FIVEHC.LIB|THEMES ACBP=A9
 0001:000136E0 000016D8 C=CODE    S=_TEXT    G=(none)   M=C:\FWH1109\LIB\FIVEHC.LIB|ACTX ACBP=A9
 0001:00014DB8 000000D7 C=CODE    S=_TEXT    G=(none)   M=C:\FWH1109\LIB\FIVEHC.LIB|AAT ACBP=A9
 0001:00014E90 000001B4 C=CODE    S=_TEXT    G=(none)   M=C:\FWH1109\LIB\FIVEHC.LIB|ACCELERA ACBP=A9
 0001:00015044 000000F4 C=CODE    S=_TEXT    G=(none)   M=C:\FWH1109\LIB\FIVEHC.LIB|ANSIUP ACBP=A9
 0001:00015138 00000071 C=CODE    S=_TEXT    G=(none)   M=C:\FWH1109\LIB\FIVEHC.LIB|ATOM ACBP=A9
 0001:000151AC 00000391 C=CODE    S=_TEXT    G=(none)   M=C:\FWH1109\LIB\FIVEHC.LIB|BARTOOLS ACBP=A9
 0001:00015540 00000E5C C=CODE    S=_TEXT    G=(none)   M=C:\FWH1109\LIB\FIVEHC.LIB|BMPDRAW ACBP=A9
 0001:0001639C 000022B2 C=CODE    S=_TEXT    G=(none)   M=C:\FWH1109\LIB\FIVEHC.LIB|BRUSHES ACBP=A9
 0001:00018650 00000567 C=CODE    S=_TEXT    G=(none)   M=C:\FWH1109\LIB\FIVEHC.LIB|CALLDLL ACBP=A9
 0001:00018BB8 00000235 C=CODE    S=_TEXT    G=(none)   M=C:\FWH1109\LIB\FIVEHC.LIB|CALDLL32 ACBP=A9
 0001:00018DF0 000000B3 C=CODE    S=_TEXT    G=(none)   M=C:\FWH1109\LIB\FIVEHC.LIB|CARET ACBP=A9
 0001:00018EA4 00000189 C=CODE    S=_TEXT    G=(none)   M=C:\FWH1109\LIB\FIVEHC.LIB|CLPBRD ACBP=A9
 0001:00019030 0000012E C=CODE    S=_TEXT    G=(none)   M=C:\FWH1109\LIB\FIVEHC.LIB|CLRCHOOS ACBP=A9
 0001:00019160 00000298 C=CODE    S=_TEXT    G=(none)   M=C:\FWH1109\LIB\FIVEHC.LIB|CODEGTF ACBP=A9
 0001:000193F8 000000F7 C=CODE    S=_TEXT    G=(none)   M=C:\FWH1109\LIB\FIVEHC.LIB|COLOR ACBP=A9
 0001:000194F0 0000036F C=CODE    S=_TEXT    G=(none)   M=C:\FWH1109\LIB\FIVEHC.LIB|COLORTON ACBP=A9
 0001:00019860 0000002C C=CODE    S=_TEXT    G=(none)   M=C:\FWH1109\LIB\FIVEHC.LIB|CREATEPE ACBP=A9
 0001:0001988C 00000061 C=CODE    S=_TEXT    G=(none)   M=C:\FWH1109\LIB\FIVEHC.LIB|CREATESO ACBP=A9
 0001:000198F0 000000BF C=CODE    S=_TEXT    G=(none)   M=C:\FWH1109\LIB\FIVEHC.LIB|CREATWND ACBP=A9
 0001:000199B0 000002FE C=CODE    S=_TEXT    G=(none)   M=C:\FWH1109\LIB\FIVEHC.LIB|CTL3D ACBP=A9
 0001:00019CB0 000001E0 C=CODE    S=_TEXT    G=(none)   M=C:\FWH1109\LIB\FIVEHC.LIB|CTRL2CHR ACBP=A9
 0001:00019E90 00000A2F C=CODE    S=_TEXT    G=(none)   M=C:\FWH1109\LIB\FIVEHC.LIB|CURSORS ACBP=A9
 0001:0001A8C0 00000750 C=CODE    S=_TEXT    G=(none)   M=C:\FWH1109\LIB\FIVEHC.LIB|DC ACBP=A9
 0001:0001B010 0000007A C=CODE    S=_TEXT    G=(none)   M=C:\FWH1109\LIB\FIVEHC.LIB|DDEXC ACBP=A9
 0001:0001B08C 00000070 C=CODE    S=_TEXT    G=(none)   M=C:\FWH1109\LIB\FIVEHC.LIB|DELOBJEC ACBP=A9
 0001:0001B0FC 00000190 C=CODE    S=_TEXT    G=(none)   M=C:\FWH1109\LIB\FIVEHC.LIB|DEVICE ACBP=A9
 0001:0001B28C 00000044 C=CODE    S=_TEXT    G=(none)   M=C:\FWH1109\LIB\FIVEHC.LIB|DESKTOP ACBP=A9
 0001:0001B2D0 0000053F C=CODE    S=_TEXT    G=(none)   M=C:\FWH1109\LIB\FIVEHC.LIB|DIB ACBP=A9
 0001:0001B810 000003A1 C=CODE    S=_TEXT    G=(none)   M=C:\FWH1109\LIB\FIVEHC.LIB|DIBBMP ACBP=A9
 0001:0001BBB4 00000220 C=CODE    S=_TEXT    G=(none)   M=C:\FWH1109\LIB\FIVEHC.LIB|DLG2CHR ACBP=A9
 0001:0001BDD4 000002B5 C=CODE    S=_TEXT    G=(none)   M=C:\FWH1109\LIB\FIVEHC.LIB|DOTS ACBP=A9
 0001:0001C08C 00000661 C=CODE    S=_TEXT    G=(none)   M=C:\FWH1109\LIB\FIVEHC.LIB|DRAWING ACBP=A9
 0001:0001C6F0 00000103 C=CODE    S=_TEXT    G=(none)   M=C:\FWH1109\LIB\FIVEHC.LIB|DRAWITEM ACBP=A9
 0001:0001C7F4 000002C3 C=CODE    S=_TEXT    G=(none)   M=C:\FWH1109\LIB\FIVEHC.LIB|DRIVES ACBP=A9
 0001:0001CAB8 000000D0 C=CODE    S=_TEXT    G=(none)   M=C:\FWH1109\LIB\FIVEHC.LIB|DROPFILE ACBP=A9
 0001:0001CB88 00000244 C=CODE    S=_TEXT    G=(none)   M=C:\FWH1109\LIB\FIVEHC.LIB|FGETCLIP ACBP=A9
 0001:0001CDCC 00001398 C=CODE    S=_TEXT    G=(none)   M=C:\FWH1109\LIB\FIVEHC.LIB|FGETLINE ACBP=A9
 0001:0001E164 000000A5 C=CODE    S=_TEXT    G=(none)   M=C:\FWH1109\LIB\FIVEHC.LIB|FINDTEXT ACBP=A9
 0001:0001E20C 0000063C C=CODE    S=_TEXT    G=(none)   M=C:\FWH1109\LIB\FIVEHC.LIB|FONTS ACBP=A9
 0001:0001E848 000002D1 C=CODE    S=_TEXT    G=(none)   M=C:\FWH1109\LIB\FIVEHC.LIB|FTEXT ACBP=A9
 0001:0001EB1C 00000552 C=CODE    S=_TEXT    G=(none)   M=C:\FWH1109\LIB\FIVEHC.LIB|FWARRAY ACBP=A9
 0001:0001F070 0000006C C=CODE    S=_TEXT    G=(none)   M=C:\FWH1109\LIB\FIVEHC.LIB|GETDLGIT ACBP=A9
 0001:0001F0DC 000004C5 C=CODE    S=_TEXT    G=(none)   M=C:\FWH1109\LIB\FIVEHC.LIB|GETFILE ACBP=A9
 0001:0001F5A4 000000DE C=CODE    S=_TEXT    G=(none)   M=C:\FWH1109\LIB\FIVEHC.LIB|GETPROCA ACBP=A9
 0001:0001F684 0000005E C=CODE    S=_TEXT    G=(none)   M=C:\FWH1109\LIB\FIVEHC.LIB|GETSTKOB ACBP=A9
 0001:0001F6E4 000000F4 C=CODE    S=_TEXT    G=(none)   M=C:\FWH1109\LIB\FIVEHC.LIB|GETTEXT ACBP=A9
 0001:0001F7D8 00000100 C=CODE    S=_TEXT    G=(none)   M=C:\FWH1109\LIB\FIVEHC.LIB|GETTEXTW ACBP=A9
 0001:0001F8D8 000000C4 C=CODE    S=_TEXT    G=(none)   M=C:\FWH1109\LIB\FIVEHC.LIB|GETWND ACBP=A9
 0001:0001F99C 000004AA C=CODE    S=_TEXT    G=(none)   M=C:\FWH1109\LIB\FIVEHC.LIB|HANDLIST ACBP=A9
 0001:0001FE48 00000270 C=CODE    S=_TEXT    G=(none)   M=C:\FWH1109\LIB\FIVEHC.LIB|HELP ACBP=A9
 0001:000200B8 000000B8 C=CODE    S=_TEXT    G=(none)   M=C:\FWH1109\LIB\FIVEHC.LIB|HILOWORD ACBP=A9
 0001:00020170 00000615 C=CODE    S=_TEXT    G=(none)   M=C:\FWH1109\LIB\FIVEHC.LIB|ICONS ACBP=A9
 0001:00020788 000001FF C=CODE    S=_TEXT    G=(none)   M=C:\FWH1109\LIB\FIVEHC.LIB|IMAGELIS ACBP=A9
 0001:00020988 00000119 C=CODE    S=_TEXT    G=(none)   M=C:\FWH1109\LIB\FIVEHC.LIB|INSTANCE ACBP=A9
 0001:00020AA4 0000016A C=CODE    S=_TEXT    G=(none)   M=C:\FWH1109\LIB\FIVEHC.LIB|KEYBRD ACBP=A9
 0001:00020C10 0000011F C=CODE    S=_TEXT    G=(none)   M=C:\FWH1109\LIB\FIVEHC.LIB|LBX ACBP=A9
 0001:00020D30 0000008D C=CODE    S=_TEXT    G=(none)   M=C:\FWH1109\LIB\FIVEHC.LIB|LOADBMP ACBP=A9
 0001:00020DC0 00000034 C=CODE    S=_TEXT    G=(none)   M=C:\FWH1109\LIB\FIVEHC.LIB|MAKELONG ACBP=A9
 0001:00020DF4 0000072C C=CODE    S=_TEXT    G=(none)   M=C:\FWH1109\LIB\FIVEHC.LIB|MENUS ACBP=A9
 0001:00021520 0000032C C=CODE    S=_TEXT    G=(none)   M=C:\FWH1109\LIB\FIVEHC.LIB|METAFILE ACBP=A9
 0001:0002184C 00000222 C=CODE    S=_TEXT    G=(none)   M=C:\FWH1109\LIB\FIVEHC.LIB|METAFI32 ACBP=A9
 0001:00021A70 000000A1 C=CODE    S=_TEXT    G=(none)   M=C:\FWH1109\LIB\FIVEHC.LIB|MGETCREA ACBP=A9
 0001:00021B14 0000006A C=CODE    S=_TEXT    G=(none)   M=C:\FWH1109\LIB\FIVEHC.LIB|MOVETO ACBP=A9
 0001:00021B80 0000001F C=CODE    S=_TEXT    G=(none)   M=C:\FWH1109\LIB\FIVEHC.LIB|MSGBEEP ACBP=A9
 0001:00021BA0 00000832 C=CODE    S=_TEXT    G=(none)   M=C:\FWH1109\LIB\FIVEHC.LIB|MSGS ACBP=A9
 0001:000223D4 00000041 C=CODE    S=_TEXT    G=(none)   M=C:\FWH1109\LIB\FIVEHC.LIB|NOTIFY ACBP=A9
 0001:00022418 000001E9 C=CODE    S=_TEXT    G=(none)   M=C:\FWH1109\LIB\FIVEHC.LIB|OR ACBP=A9
 0001:00022604 00000058 C=CODE    S=_TEXT    G=(none)   M=C:\FWH1109\LIB\FIVEHC.LIB|PAINT ACBP=A9
 0001:0002265C 0000005C C=CODE    S=_TEXT    G=(none)   M=C:\FWH1109\LIB\FIVEHC.LIB|PEEKMSG ACBP=A9
 0001:000226B8 00000C37 C=CODE    S=_TEXT    G=(none)   M=C:\FWH1109\LIB\FIVEHC.LIB|PRINTDC ACBP=A9
 0001:000232F0 0000020F C=CODE    S=_TEXT    G=(none)   M=C:\FWH1109\LIB\FIVEHC.LIB|PROFILE ACBP=A9
 0001:00023500 000007FF C=CODE    S=_TEXT    G=(none)   M=C:\FWH1109\LIB\FIVEHC.LIB|RECTS ACBP=A9
 0001:00023D00 0000010D C=CODE    S=_TEXT    G=(none)   M=C:\FWH1109\LIB\FIVEHC.LIB|REGCLASS ACBP=A9
 0001:00023E10 00000391 C=CODE    S=_TEXT    G=(none)   M=C:\FWH1109\LIB\FIVEHC.LIB|REGEDIT ACBP=A9
 0001:000241A4 00000273 C=CODE    S=_TEXT    G=(none)   M=C:\FWH1109\LIB\FIVEHC.LIB|RESOURCE ACBP=A9
 0001:00024418 00002170 C=CODE    S=_TEXT    G=(none)   M=C:\FWH1109\LIB\FIVEHC.LIB|RICHEDIT ACBP=A9
 0001:00026588 000001BA C=CODE    S=_TEXT    G=(none)   M=C:\FWH1109\LIB\FIVEHC.LIB|SCROLL ACBP=A9
 0001:00026744 00000023 C=CODE    S=_TEXT    G=(none)   M=C:\FWH1109\LIB\FIVEHC.LIB|SELOBJEC ACBP=A9
 0001:00026768 00000057 C=CODE    S=_TEXT    G=(none)   M=C:\FWH1109\LIB\FIVEHC.LIB|SETMAPMO ACBP=A9
 0001:000267C0 00000048 C=CODE    S=_TEXT    G=(none)   M=C:\FWH1109\LIB\FIVEHC.LIB|SETTEXT ACBP=A9
 0001:00026808 000002BE C=CODE    S=_TEXT    G=(none)   M=C:\FWH1109\LIB\FIVEHC.LIB|STRTOKEN ACBP=A9
 0001:00026AC8 00000303 C=CODE    S=_TEXT    G=(none)   M=C:\FWH1109\LIB\FIVEHC.LIB|TEXT ACBP=A9
 0001:00026DCC 00000069 C=CODE    S=_TEXT    G=(none)   M=C:\FWH1109\LIB\FIVEHC.LIB|TIMERS ACBP=A9
 0001:00026E38 00000035 C=CODE    S=_TEXT    G=(none)   M=C:\FWH1109\LIB\FIVEHC.LIB|WIN2000 ACBP=A9
 0001:00026E70 000006D4 C=CODE    S=_TEXT    G=(none)   M=C:\FWH1109\LIB\FIVEHC.LIB|WNDBOXES ACBP=A9
 0001:00027544 000001AB C=CODE    S=_TEXT    G=(none)   M=C:\FWH1109\LIB\FIVEHC.LIB|WNDCENTE ACBP=A9
 0001:000276F0 0000007B C=CODE    S=_TEXT    G=(none)   M=C:\FWH1109\LIB\FIVEHC.LIB|WNDISOVE ACBP=A9
 0001:0002776C 00000B7F C=CODE    S=_TEXT    G=(none)   M=C:\FWH1109\LIB\FIVEHC.LIB|WNDMOVE ACBP=A9
 0001:000282EC 00000050 C=CODE    S=_TEXT    G=(none)   M=C:\FWH1109\LIB\FIVEHC.LIB|WNDPOS ACBP=A9
 0001:0002833C 000001F7 C=CODE    S=_TEXT    G=(none)   M=C:\FWH1109\LIB\FIVEHC.LIB|WNDPRINT ACBP=A9
 0001:00028534 000002F8 C=CODE    S=_TEXT    G=(none)   M=C:\FWH1109\LIB\FIVEHC.LIB|WNDSAY ACBP=A9
 0001:0002882C 00000240 C=CODE    S=_TEXT    G=(none)   M=C:\FWH1109\LIB\FIVEHC.LIB|WNDSCROL ACBP=A9
 0001:00028A6C 0000003B C=CODE    S=_TEXT    G=(none)   M=C:\FWH1109\LIB\FIVEHC.LIB|WNDUPDAT ACBP=A9
 0001:00028AA8 000001D8 C=CODE    S=_TEXT    G=(none)   M=C:\FWH1109\LIB\FIVEHC.LIB|MEM ACBP=A9
 0001:00028C80 0000135C C=CODE    S=_TEXT    G=(none)   M=C:\FWH1109\LIB\FIVEHC.LIB|FWBMP ACBP=A9
 0001:00029FDC 00000160 C=CODE    S=_TEXT    G=(none)   M=C:\XHB121\LIB\RTL.LIB|abs ACBP=A9
 0001:0002A13C 000002BA C=CODE    S=_TEXT    G=(none)   M=C:\XHB121\LIB\RTL.LIB|at ACBP=A9
 0001:0002A3F8 00000648 C=CODE    S=_TEXT    G=(none)   M=C:\XHB121\LIB\RTL.LIB|bkgtsks ACBP=A9
 0001:0002AA40 000001D5 C=CODE    S=_TEXT    G=(none)   M=C:\XHB121\LIB\RTL.LIB|binnum ACBP=A9
 0001:0002AC18 000023D8 C=CODE    S=_TEXT    G=(none)   M=C:\XHB121\LIB\RTL.LIB|cdpapi ACBP=A9
 0001:0002CFF0 000000A9 C=CODE    S=_TEXT    G=(none)   M=C:\XHB121\LIB\RTL.LIB|chrasc ACBP=A9
 0001:0002D09C 000000B6 C=CODE    S=_TEXT    G=(none)   M=C:\XHB121\LIB\RTL.LIB|colorind ACBP=A9
 0001:0002D154 00000AA7 C=CODE    S=_TEXT    G=(none)   M=C:\XHB121\LIB\RTL.LIB|console ACBP=A9
 0001:0002DBFC 00000133 C=CODE    S=_TEXT    G=(none)   M=C:\XHB121\LIB\RTL.LIB|datec ACBP=A9
 0001:0002DD30 00000E87 C=CODE    S=_TEXT    G=(none)   M=C:\XHB121\LIB\RTL.LIB|dateshb ACBP=A9
 0001:0002EBB8 00000793 C=CODE    S=_TEXT    G=(none)   M=C:\XHB121\LIB\RTL.LIB|direct ACBP=A9
 0001:0002F34C 00000EB2 C=CODE    S=_TEXT    G=(none)   M=C:\XHB121\LIB\RTL.LIB|dllcall ACBP=A9
 0001:00030200 0000018C C=CODE    S=_TEXT    G=(none)   M=C:\XHB121\LIB\RTL.LIB|empty ACBP=A9
 0001:0003038C 00000142 C=CODE    S=_TEXT    G=(none)   M=C:\XHB121\LIB\RTL.LIB|file ACBP=A9
 0001:000304D0 00000B64 C=CODE    S=_TEXT    G=(none)   M=C:\XHB121\LIB\RTL.LIB|filebuf ACBP=A9
 0001:00031034 00000052 C=CODE    S=_TEXT    G=(none)   M=C:\XHB121\LIB\RTL.LIB|filehb ACBP=A9
 0001:00031088 00001CB6 C=CODE    S=_TEXT    G=(none)   M=C:\XHB121\LIB\RTL.LIB|filesys ACBP=A9
 0001:00032D40 000000CE C=CODE    S=_TEXT    G=(none)   M=C:\XHB121\LIB\RTL.LIB|fserror ACBP=A9
 0001:00032E10 000000CC C=CODE    S=_TEXT    G=(none)   M=C:\XHB121\LIB\RTL.LIB|fnsplit ACBP=A9
 0001:00032EDC 00000896 C=CODE    S=_TEXT    G=(none)   M=C:\XHB121\LIB\RTL.LIB|fparse ACBP=A9
 0001:00033774 000000EC C=CODE    S=_TEXT    G=(none)   M=C:\XHB121\LIB\RTL.LIB|fssize ACBP=A9
 0001:00033860 00000302 C=CODE    S=_TEXT    G=(none)   M=C:\XHB121\LIB\RTL.LIB|fstemp ACBP=A9
 0001:00033B64 000000A5 C=CODE    S=_TEXT    G=(none)   M=C:\XHB121\LIB\RTL.LIB|gete ACBP=A9
 0001:00033C0C 00000028 C=CODE    S=_TEXT    G=(none)   M=C:\XHB121\LIB\RTL.LIB|gt ACBP=A9
 0001:00033C34 00000EDA C=CODE    S=_TEXT    G=(none)   M=C:\XHB121\LIB\RTL.LIB|gtapi ACBP=A9
 0001:00034B10 000002A5 C=CODE    S=_TEXT    G=(none)   M=C:\XHB121\LIB\RTL.LIB|gtclip ACBP=A9
 0001:00034DB8 00000005 C=CODE    S=_TEXT    G=(none)   M=C:\XHB121\LIB\RTL.LIB|gtsys ACBP=A9
 0001:00034DC0 000003E0 C=CODE    S=_TEXT    G=(none)   M=C:\XHB121\LIB\RTL.LIB|hbbitf ACBP=A9
 0001:000351A0 000007E1 C=CODE    S=_TEXT    G=(none)   M=C:\XHB121\LIB\RTL.LIB|hbffind ACBP=A9
 0001:00035984 00003B3C C=CODE    S=_TEXT    G=(none)   M=C:\XHB121\LIB\RTL.LIB|hbgtcore ACBP=A9
 0001:000394C0 0000044A C=CODE    S=_TEXT    G=(none)   M=C:\XHB121\LIB\RTL.LIB|hbhex2n ACBP=A9
 0001:0003990C 0000026B C=CODE    S=_TEXT    G=(none)   M=C:\XHB121\LIB\RTL.LIB|hbrandom ACBP=A9
 0001:00039B78 0000071A C=CODE    S=_TEXT    G=(none)   M=C:\XHB121\LIB\RTL.LIB|hbserv ACBP=A9
 0001:0003A294 00002E75 C=CODE    S=_TEXT    G=(none)   M=C:\XHB121\LIB\RTL.LIB|hbxml ACBP=A9
 0001:0003D10C 00000420 C=CODE    S=_TEXT    G=(none)   M=C:\XHB121\LIB\RTL.LIB|idle ACBP=A9
 0001:0003D52C 0000047A C=CODE    S=_TEXT    G=(none)   M=C:\XHB121\LIB\RTL.LIB|inkey ACBP=A9
 0001:0003D9A8 0000010F C=CODE    S=_TEXT    G=(none)   M=C:\XHB121\LIB\RTL.LIB|inkeyapi ACBP=A9
 0001:0003DAB8 0000034C C=CODE    S=_TEXT    G=(none)   M=C:\XHB121\LIB\RTL.LIB|is ACBP=A9
 0001:0003DE04 00000266 C=CODE    S=_TEXT    G=(none)   M=C:\XHB121\LIB\RTL.LIB|langapi ACBP=A9
 0001:0003E06C 000000B3 C=CODE    S=_TEXT    G=(none)   M=C:\XHB121\LIB\RTL.LIB|left ACBP=A9
 0001:0003E120 0000006E C=CODE    S=_TEXT    G=(none)   M=C:\XHB121\LIB\RTL.LIB|len ACBP=A9
 0001:0003E190 00000999 C=CODE    S=_TEXT    G=(none)   M=C:\XHB121\LIB\RTL.LIB|math ACBP=A9
 0001:0003EB2C 000001BE C=CODE    S=_TEXT    G=(none)   M=C:\XHB121\LIB\RTL.LIB|memofile ACBP=A9
 0001:0003ECEC 000004BA C=CODE    S=_TEXT    G=(none)   M=C:\XHB121\LIB\RTL.LIB|minmax ACBP=A9
 0001:0003F1A8 000008A2 C=CODE    S=_TEXT    G=(none)   M=C:\XHB121\LIB\RTL.LIB|mlcfunc ACBP=A9
 0001:0003FA4C 00000062 C=CODE    S=_TEXT    G=(none)   M=C:\XHB121\LIB\RTL.LIB|net ACBP=A9
 0001:0003FAB0 0000000A C=CODE    S=_TEXT    G=(none)   M=C:\XHB121\LIB\RTL.LIB|pad ACBP=A9
 0001:0003FABC 00000114 C=CODE    S=_TEXT    G=(none)   M=C:\XHB121\LIB\RTL.LIB|padc ACBP=A9
 0001:0003FBD0 000000E7 C=CODE    S=_TEXT    G=(none)   M=C:\XHB121\LIB\RTL.LIB|padl ACBP=A9
 0001:0003FCB8 000000DF C=CODE    S=_TEXT    G=(none)   M=C:\XHB121\LIB\RTL.LIB|padr ACBP=A9
 0001:0003FD98 00000BBF C=CODE    S=_TEXT    G=(none)   M=C:\XHB121\LIB\RTL.LIB|philes ACBP=A9
 0001:00040958 00000092 C=CODE    S=_TEXT    G=(none)   M=C:\XHB121\LIB\RTL.LIB|philesx ACBP=A9
 0001:000409EC 000000E4 C=CODE    S=_TEXT    G=(none)   M=C:\XHB121\LIB\RTL.LIB|rat ACBP=A9
 0001:00040AD0 000010C3 C=CODE    S=_TEXT    G=(none)   M=C:\XHB121\LIB\RTL.LIB|regex ACBP=A9
 0001:00041B94 00000130 C=CODE    S=_TEXT    G=(none)   M=C:\XHB121\LIB\RTL.LIB|replic ACBP=A9
 0001:00041CC4 00000081 C=CODE    S=_TEXT    G=(none)   M=C:\XHB121\LIB\RTL.LIB|right ACBP=A9
 0001:00041D48 00000127 C=CODE    S=_TEXT    G=(none)   M=C:\XHB121\LIB\RTL.LIB|round ACBP=A9
 0001:00041E70 000001E0 C=CODE    S=_TEXT    G=(none)   M=C:\XHB121\LIB\RTL.LIB|samples ACBP=A9
 0001:00042050 0000029D C=CODE    S=_TEXT    G=(none)   M=C:\XHB121\LIB\RTL.LIB|seconds ACBP=A9
 0001:000422F0 00004DC1 C=CODE    S=_TEXT    G=(none)   M=C:\XHB121\LIB\RTL.LIB|set ACBP=A9
 0001:000470B4 0000012A C=CODE    S=_TEXT    G=(none)   M=C:\XHB121\LIB\RTL.LIB|setcolor ACBP=A9
 0001:000471E0 00000061 C=CODE    S=_TEXT    G=(none)   M=C:\XHB121\LIB\RTL.LIB|setcurs ACBP=A9
 0001:00047244 000005AF C=CODE    S=_TEXT    G=(none)   M=C:\XHB121\LIB\RTL.LIB|setkey ACBP=A9
 0001:000477F4 00000083 C=CODE    S=_TEXT    G=(none)   M=C:\XHB121\LIB\RTL.LIB|setpos ACBP=A9
 0001:00047878 0000002A C=CODE    S=_TEXT    G=(none)   M=C:\XHB121\LIB\RTL.LIB|setposbs ACBP=A9
 0001:000478A4 00000078 C=CODE    S=_TEXT    G=(none)   M=C:\XHB121\LIB\RTL.LIB|space ACBP=A9
 0001:0004791C 000002DE C=CODE    S=_TEXT    G=(none)   M=C:\XHB121\LIB\RTL.LIB|spfiles ACBP=A9
 0001:00047BFC 000001C6 C=CODE    S=_TEXT    G=(none)   M=C:\XHB121\LIB\RTL.LIB|str ACBP=A9
 0001:00047DC4 0000030A C=CODE    S=_TEXT    G=(none)   M=C:\XHB121\LIB\RTL.LIB|strcase ACBP=A9
 0001:000480D0 00000119 C=CODE    S=_TEXT    G=(none)   M=C:\XHB121\LIB\RTL.LIB|strdel ACBP=A9
 0001:000481EC 00000032 C=CODE    S=_TEXT    G=(none)   M=C:\XHB121\LIB\RTL.LIB|strings ACBP=A9
 0001:00048220 0000064D C=CODE    S=_TEXT    G=(none)   M=C:\XHB121\LIB\RTL.LIB|strmatch ACBP=A9
 0001:00048870 000002BF C=CODE    S=_TEXT    G=(none)   M=C:\XHB121\LIB\RTL.LIB|strtran ACBP=A9
 0001:00048B30 00000132 C=CODE    S=_TEXT    G=(none)   M=C:\XHB121\LIB\RTL.LIB|strzero ACBP=A9
 0001:00048C64 0000015E C=CODE    S=_TEXT    G=(none)   M=C:\XHB121\LIB\RTL.LIB|stuff ACBP=A9
 0001:00048DC4 00000129 C=CODE    S=_TEXT    G=(none)   M=C:\XHB121\LIB\RTL.LIB|substr ACBP=A9
 0001:00048EF0 00001021 C=CODE    S=_TEXT    G=(none)   M=C:\XHB121\LIB\RTL.LIB|tprinter ACBP=A9
 0001:00049F14 0000017E C=CODE    S=_TEXT    G=(none)   M=C:\XHB121\LIB\RTL.LIB|trace ACBP=A9
 0001:0004A094 00001790 C=CODE    S=_TEXT    G=(none)   M=C:\XHB121\LIB\RTL.LIB|transfrm ACBP=A9
 0001:0004B824 00000224 C=CODE    S=_TEXT    G=(none)   M=C:\XHB121\LIB\RTL.LIB|trim ACBP=A9
 0001:0004BA48 00000069 C=CODE    S=_TEXT    G=(none)   M=C:\XHB121\LIB\RTL.LIB|type ACBP=A9
 0001:0004BAB4 0000008F C=CODE    S=_TEXT    G=(none)   M=C:\XHB121\LIB\RTL.LIB|val ACBP=A9
 0001:0004BB44 00000343 C=CODE    S=_TEXT    G=(none)   M=C:\XHB121\LIB\RTL.LIB|valtype ACBP=A9
 0001:0004BE88 0000036F C=CODE    S=_TEXT    G=(none)   M=C:\XHB121\LIB\RTL.LIB|version ACBP=A9
 0001:0004C1F8 00000047 C=CODE    S=_TEXT    G=(none)   M=C:\XHB121\LIB\RTL.LIB|word ACBP=A9
 0001:0004C240 0000005A C=CODE    S=_TEXT    G=(none)   M=C:\XHB121\LIB\RTL.LIB|xhelp ACBP=A9
 0001:0004C29C 000000F4 C=CODE    S=_TEXT    G=(none)   M=C:\XHB121\LIB\RTL.LIB|xsavescr ACBP=A9
 0001:0004C390 000001AD C=CODE    S=_TEXT    G=(none)   M=C:\XHB121\LIB\RTL.LIB|cstr ACBP=A9
 0001:0004C540 0000005D C=CODE    S=_TEXT    G=(none)   M=C:\XHB121\LIB\RTL.LIB|memvarbl ACBP=A9
 0001:0004C5A0 0000023D C=CODE    S=_TEXT    G=(none)   M=C:\XHB121\LIB\RTL.LIB|objfunc ACBP=A9
 0001:0004C7E0 0000026D C=CODE    S=_TEXT    G=(none)   M=C:\XHB121\LIB\RTL.LIB|tclass ACBP=A9
 0001:0004CA50 00000498 C=CODE    S=_TEXT    G=(none)   M=C:\XHB121\LIB\RTL.LIB|tget ACBP=A9
 0001:0004CEE8 000001E1 C=CODE    S=_TEXT    G=(none)   M=C:\XHB121\LIB\RTL.LIB|tobject ACBP=A9
 0001:0004D0CC 00000075 C=CODE    S=_TEXT    G=(none)   M=C:\XHB121\LIB\RTL.LIB|traceprg ACBP=A9
 0001:0004D144 000002E2 C=CODE    S=_TEXT    G=(none)   M=C:\XHB121\LIB\RTL.LIB|tscalar ACBP=A9
 0001:0004D428 000002D0 C=CODE    S=_TEXT    G=(none)   M=C:\XHB121\LIB\RTL.LIB|txml ACBP=A9
 0001:0004D6F8 000028A6 C=CODE    S=_TEXT    G=(none)   M=C:\XHB121\LIB\RTL.LIB|win32ole ACBP=A9
 0001:0004FFA0 00001BFB C=CODE    S=_TEXT    G=(none)   M=C:\XHB121\LIB\VM.LIB|arrays ACBP=A9
 0001:00051B9C 000035A0 C=CODE    S=_TEXT    G=(none)   M=C:\XHB121\LIB\VM.LIB|arrayshb ACBP=A9
 0001:0005513C 00000499 C=CODE    S=_TEXT    G=(none)   M=C:\XHB121\LIB\VM.LIB|asort ACBP=A9
 0001:000555D8 00000018 C=CODE    S=_TEXT    G=(none)   M=C:\XHB121\LIB\VM.LIB|break ACBP=A9
 0001:000555F0 00005460 C=CODE    S=_TEXT    G=(none)   M=C:\XHB121\LIB\VM.LIB|classes ACBP=A9
 0001:0005AA50 0000012D C=CODE    S=_TEXT    G=(none)   M=C:\XHB121\LIB\VM.LIB|classesc ACBP=A9
 0001:0005AB80 0000060B C=CODE    S=_TEXT    G=(none)   M=C:\XHB121\LIB\VM.LIB|cmdarg ACBP=A9
 0001:0005B18C 000002D9 C=CODE    S=_TEXT    G=(none)   M=C:\XHB121\LIB\VM.LIB|codebloc ACBP=A9
 0001:0005B468 00000433 C=CODE    S=_TEXT    G=(none)   M=C:\XHB121\LIB\VM.LIB|debug ACBP=A9
 0001:0005B89C 00000754 C=CODE    S=_TEXT    G=(none)   M=C:\XHB121\LIB\VM.LIB|dynsym ACBP=A9
 0001:0005BFF0 0000212F C=CODE    S=_TEXT    G=(none)   M=C:\XHB121\LIB\VM.LIB|errorapi ACBP=A9
 0001:0005E120 00000B39 C=CODE    S=_TEXT    G=(none)   M=C:\XHB121\LIB\VM.LIB|estack ACBP=A9
 0001:0005EC5C 00000A87 C=CODE    S=_TEXT    G=(none)   M=C:\XHB121\LIB\VM.LIB|eval ACBP=A9
 0001:0005F6E4 00001AB0 C=CODE    S=_TEXT    G=(none)   M=C:\XHB121\LIB\VM.LIB|extend ACBP=A9
 0001:00061194 000003F3 C=CODE    S=_TEXT    G=(none)   M=C:\XHB121\LIB\VM.LIB|fm ACBP=A9
 0001:00061588 00000EE9 C=CODE    S=_TEXT    G=(none)   M=C:\XHB121\LIB\VM.LIB|garbage ACBP=A9
 0001:00062474 0000353D C=CODE    S=_TEXT    G=(none)   M=C:\XHB121\LIB\VM.LIB|hash ACBP=A9
 0001:000659B4 000010D6 C=CODE    S=_TEXT    G=(none)   M=C:\XHB121\LIB\VM.LIB|hbi18n ACBP=A9
 0001:00066A8C 00012D46 C=CODE    S=_TEXT    G=(none)   M=C:\XHB121\LIB\VM.LIB|hvm ACBP=A9
 0001:000797D4 00000033 C=CODE    S=_TEXT    G=(none)   M=C:\XHB121\LIB\VM.LIB|initexit ACBP=A9
 0001:00079808 0000001D C=CODE    S=_TEXT    G=(none)   M=C:\XHB121\LIB\VM.LIB|initsymb ACBP=A9
 0001:00079828 00001EE0 C=CODE    S=_TEXT    G=(none)   M=C:\XHB121\LIB\VM.LIB|itemapi ACBP=A9
 0001:0007B708 0000096E C=CODE    S=_TEXT    G=(none)   M=C:\XHB121\LIB\VM.LIB|fastitem ACBP=A9
 0001:0007C078 00001C40 C=CODE    S=_TEXT    G=(none)   M=C:\XHB121\LIB\VM.LIB|macro ACBP=A9
 0001:0007DCB8 00001DCA C=CODE    S=_TEXT    G=(none)   M=C:\XHB121\LIB\VM.LIB|memvars ACBP=A9
 0001:0007FA84 0000002F C=CODE    S=_TEXT    G=(none)   M=C:\XHB121\LIB\VM.LIB|pcount ACBP=A9
 0001:0007FAB4 00000345 C=CODE    S=_TEXT    G=(none)   M=C:\XHB121\LIB\VM.LIB|proc ACBP=A9
 0001:0007FDFC 000000EE C=CODE    S=_TEXT    G=(none)   M=C:\XHB121\LIB\VM.LIB|thread ACBP=A9
 0001:0007FEEC 00000079 C=CODE    S=_TEXT    G=(none)   M=C:\XHB121\LIB\VM.LIB|throw ACBP=A9
 0001:0007FF68 00000129 C=CODE    S=_TEXT    G=(none)   M=C:\XHB121\LIB\VM.LIB|harbinit ACBP=A9
 0001:00080094 00000117 C=CODE    S=_TEXT    G=(none)   M=C:\XHB121\LIB\VM.LIB|mainwin ACBP=A9
 0001:000801AC 00000015 C=CODE    S=_TEXT    G=(none)   M=C:\XHB121\LIB\LANG.LIB|msgen ACBP=A9
 0001:000801C4 00002770 C=CODE    S=_TEXT    G=(none)   M=C:\XHB121\LIB\MACRO.LIB|macroy ACBP=A9
 0001:00082934 0000031E C=CODE    S=_TEXT    G=(none)   M=C:\XHB121\LIB\MACRO.LIB|macroa ACBP=A9
 0001:00082C54 000059CB C=CODE    S=_TEXT    G=(none)   M=C:\XHB121\LIB\MACRO.LIB|macrob ACBP=A9
 0001:00088620 000007FF C=CODE    S=_TEXT    G=(none)   M=C:\XHB121\LIB\MACRO.LIB|macroc ACBP=A9
 0001:00088E20 00002133 C=CODE    S=_TEXT    G=(none)   M=C:\XHB121\LIB\MACRO.LIB|macroslx ACBP=A9
 0001:0008AF54 00003596 C=CODE    S=_TEXT    G=(none)   M=C:\XHB121\LIB\RDD.LIB|dbcmd ACBP=A9
 0001:0008E4EC 00002437 C=CODE    S=_TEXT    G=(none)   M=C:\XHB121\LIB\RDD.LIB|workarea ACBP=A9
 0001:00090924 000007D1 C=CODE    S=_TEXT    G=(none)   M=C:\XHB121\LIB\RDD.LIB|wacore ACBP=A9
 0001:000910F8 0000146B C=CODE    S=_TEXT    G=(none)   M=C:\XHB121\LIB\RDD.LIB|wafunc ACBP=A9
 0001:00092564 00008185 C=CODE    S=_TEXT    G=(none)   M=C:\XHB121\LIB\RDD.LIB|dbf1 ACBP=A9
 0001:0009A6EC 00000673 C=CODE    S=_TEXT    G=(none)   M=C:\XHB121\LIB\RDD.LIB|hbdbsort ACBP=A9
 0001:0009AD60 00000105 C=CODE    S=_TEXT    G=(none)   M=C:\XHB121\LIB\RDD.LIB|rddord ACBP=A9
 0001:0009AE68 0000005D C=CODE    S=_TEXT    G=(none)   M=C:\XHB121\LIB\RDD.LIB|rddsys ACBP=A9
 0001:0009AEC8 0000A925 C=CODE    S=_TEXT    G=(none)   M=C:\XHB121\LIB\DBFNTX.LIB|dbfntx1 ACBP=A9
 0001:000A57F0 000073EB C=CODE    S=_TEXT    G=(none)   M=C:\XHB121\LIB\DBFFPT.LIB|dbffpt1 ACBP=A9
 0001:000ACBDC 00000375 C=CODE    S=_TEXT    G=(none)   M=C:\XHB121\LIB\HBSIX.LIB|sxcrypt ACBP=A9
 0001:000ACF54 000000ED C=CODE    S=_TEXT    G=(none)   M=C:\XHB121\LIB\HBSIX.LIB|sxdate ACBP=A9
 0001:000AD044 0000003D C=CODE    S=_TEXT    G=(none)   M=C:\XHB121\LIB\COMMON.LIB|hbfopen ACBP=A9
 0001:000AD084 000003DF C=CODE    S=_TEXT    G=(none)   M=C:\XHB121\LIB\COMMON.LIB|hbfsapi ACBP=A9
 0001:000AD464 00000033 C=CODE    S=_TEXT    G=(none)   M=C:\XHB121\LIB\COMMON.LIB|hbgete ACBP=A9
 0001:000AD498 00001044 C=CODE    S=_TEXT    G=(none)   M=C:\XHB121\LIB\COMMON.LIB|hbstr ACBP=A9
 0001:000AE4DC 00001A6F C=CODE    S=_TEXT    G=(none)   M=C:\XHB121\LIB\COMMON.LIB|hbprintf ACBP=A9
 0001:000AFF4C 0000021E C=CODE    S=_TEXT    G=(none)   M=C:\XHB121\LIB\COMMON.LIB|hbtrace ACBP=A9
 0001:000B016C 00000DFD C=CODE    S=_TEXT    G=(none)   M=C:\XHB121\LIB\COMMON.LIB|hbver ACBP=A9
 0001:000B0F6C 00000A48 C=CODE    S=_TEXT    G=(none)   M=C:\XHB121\LIB\COMMON.LIB|expropt1 ACBP=A9
 0001:000B19B4 000012DD C=CODE    S=_TEXT    G=(none)   M=C:\XHB121\LIB\COMMON.LIB|expropt2 ACBP=A9
 0001:000B2C94 0000005A C=CODE    S=_TEXT    G=(none)   M=C:\XHB121\LIB\COMMON.LIB|reserved ACBP=A9
 0001:000B2CF0 000016C1 C=CODE    S=_TEXT    G=(none)   M=C:\XHB121\LIB\COMMON.LIB|hbdate ACBP=A9
 0001:000B43B4 0000015E C=CODE    S=_TEXT    G=(none)   M=C:\XHB121\LIB\COMMON.LIB|hbwince ACBP=A9
 0001:000B4514 0000028E C=CODE    S=_TEXT    G=(none)   M=C:\XHB121\LIB\CT.LIB|dattime3 ACBP=A9
 0001:000B47A4 0000008D C=CODE    S=_TEXT    G=(none)   M=C:\XHB121\LIB\CT.LIB|cttime ACBP=A9
 0001:000B4834 000057EC C=CODE    S=_TEXT    G=(none)   M=C:\XHB121\LIB\PCREPOS.LIB|pcre_compile ACBP=A9
 0001:000BA020 00004744 C=CODE    S=_TEXT    G=(none)   M=C:\XHB121\LIB\PCREPOS.LIB|pcre_exec ACBP=A9
 0001:000BE764 0000007B C=CODE    S=_TEXT    G=(none)   M=C:\XHB121\LIB\PCREPOS.LIB|pcre_info ACBP=A9
 0001:000BE7E0 000001A5 C=CODE    S=_TEXT    G=(none)   M=C:\XHB121\LIB\PCREPOS.LIB|pcre_newline ACBP=A9
 0001:000BE988 0000019C C=CODE    S=_TEXT    G=(none)   M=C:\XHB121\LIB\PCREPOS.LIB|pcre_try_flipped ACBP=A9
 0001:000BEB24 000003C9 C=CODE    S=_TEXT    G=(none)   M=C:\XHB121\LIB\PCREPOS.LIB|pcreposix ACBP=A9
 0001:000BEEF0 00000028 C=CODE    S=_TEXT    G=(none)   M=C:\BCC582\LIB\CW32.LIB|delaop ACBP=A9
 0001:000BEF18 0000002E C=CODE    S=_TEXT    G=(none)   M=C:\BCC582\LIB\CW32.LIB|delop ACBP=A9
 0001:000BEF48 000000E3 C=CODE    S=_TEXT    G=(none)   M=C:\BCC582\LIB\CW32.LIB|exceptio ACBP=A9
 0001:000BF02B 00000079 C=CODE    S=_TEXT    G=(none)   M=C:\BCC582\LIB\CW32.LIB|gccex ACBP=A9
 0001:000BF0A4 000019E8 C=CODE    S=_TEXT    G=(none)   M=C:\BCC582\LIB\CW32.LIB|ios ACBP=A9
 0001:000C0A8C 00003492 C=CODE    S=_TEXT    G=(none)   M=C:\BCC582\LIB\CW32.LIB|iostream ACBP=A9
 0001:000C3EF8 00000323 C=CODE    S=_TEXT    G=(none)   M=C:\BCC582\LIB\CW32.LIB|dwlocale ACBP=A9
 0001:000C41F4 00001A78 C=CODE    S=_TEXT    G=(none)   M=C:\BCC582\LIB\CW32.LIB|locale0 ACBP=A9
 0001:000C5C6C 0000001B C=CODE    S=_TEXT    G=(none)   M=C:\BCC582\LIB\CW32.LIB|new ACBP=A9
 0001:000C5C6C 00000074 C=CODE    S=_TEXT    G=(none)   M=C:\BCC582\LIB\CW32.LIB|newaop ACBP=A9
 0001:000C5C94 0000011E C=CODE    S=_TEXT    G=(none)   M=C:\BCC582\LIB\CW32.LIB|newop ACBP=A9
 0001:000C5D8F 000005AA C=CODE    S=_TEXT    G=(none)   M=C:\BCC582\LIB\CW32.LIB|string ACBP=A9
 0001:000C6314 00002FD6 C=CODE    S=_TEXT    G=(none)   M=C:\BCC582\LIB\CW32.LIB|wiostrea ACBP=A9
 0001:000C92C4 0000019D C=CODE    S=_TEXT    G=(none)   M=C:\BCC582\LIB\CW32.LIB|wlocale ACBP=A9
 0001:000C9439 000000D4 C=CODE    S=_TEXT    G=(none)   M=C:\BCC582\LIB\CW32.LIB|xlocinfo ACBP=A9
 0001:000C9510 00000110 C=CODE    S=_TEXT    G=(none)   M=C:\BCC582\LIB\CW32.LIB|xstart ACBP=A9
 0001:000C9620 00000057 C=CODE    S=_TEXT    G=(none)   M=C:\BCC582\LIB\CW32.LIB|wchar ACBP=A9
 0001:000C9678 0000002B C=CODE    S=_TEXT    G=(none)   M=C:\BCC582\LIB\CW32.LIB|calloc ACBP=A9
 0001:000C96A4 00000111 C=CODE    S=_TEXT    G=(none)   M=C:\BCC582\LIB\CW32.LIB|virtmem ACBP=A9
 0001:000C97B8 0000014B C=CODE    S=_TEXT    G=(none)   M=C:\BCC582\LIB\CW32.LIB|hrdir_b ACBP=A9
 0001:000C9904 00000020 C=CODE    S=_TEXT    G=(none)   M=C:\BCC582\LIB\CW32.LIB|hrdir_mf ACBP=A9
 0001:000C9924 00000016 C=CODE    S=_TEXT    G=(none)   M=C:\BCC582\LIB\CW32.LIB|hrdir_r ACBP=A9
 0001:000C993C 000000B8 C=CODE    S=_TEXT    G=(none)   M=C:\BCC582\LIB\CW32.LIB|hrdir_s ACBP=A9
 0001:000C99F4 00000001 C=CODE    S=_TEXT    G=(none)   M=C:\BCC582\LIB\CW32.LIB|hrdir_us ACBP=A9
 0001:000C99F8 000009E4 C=CODE    S=_TEXT    G=(none)   M=C:\BCC582\LIB\CW32.LIB|heap ACBP=A9
 0001:000CA3DC 00000292 C=CODE    S=_TEXT    G=(none)   M=C:\BCC582\LIB\CW32.LIB|realloc ACBP=A9
 0001:000CA670 00000001 C=CODE    S=_TEXT    G=(none)   M=C:\BCC582\LIB\CW32.LIB|crtlst_i ACBP=A9
 0001:000CA674 00000001 C=CODE    S=_TEXT    G=(none)   M=C:\BCC582\LIB\CW32.LIB|crtlst_l ACBP=A9
 0001:000CA678 0000001E C=CODE    S=_TEXT    G=(none)   M=C:\BCC582\LIB\CW32.LIB|memchr ACBP=A9
 0001:000CA698 00000024 C=CODE    S=_TEXT    G=(none)   M=C:\BCC582\LIB\CW32.LIB|memcpy ACBP=A9
 0001:000CA6BC 00000024 C=CODE    S=_TEXT    G=(none)   M=C:\BCC582\LIB\CW32.LIB|wmemcpy ACBP=A9
 0001:000CA6E0 0000004A C=CODE    S=_TEXT    G=(none)   M=C:\BCC582\LIB\CW32.LIB|memmove ACBP=A9
 0001:000CA72C 0000008F C=CODE    S=_TEXT    G=(none)   M=C:\BCC582\LIB\CW32.LIB|memset ACBP=A9
 0001:000CA7BC 00000018 C=CODE    S=_TEXT    G=(none)   M=C:\BCC582\LIB\CW32.LIB|wmemset ACBP=A9
 0001:000CA7D4 0000003C C=CODE    S=_TEXT    G=(none)   M=C:\BCC582\LIB\CW32.LIB|strcat ACBP=A9
 0001:000CA810 00000053 C=CODE    S=_TEXT    G=(none)   M=C:\BCC582\LIB\CW32.LIB|strchr ACBP=A9
 0001:000CA864 0000004D C=CODE    S=_TEXT    G=(none)   M=C:\BCC582\LIB\CW32.LIB|strcmp ACBP=A9
 0001:000CA8B4 00000035 C=CODE    S=_TEXT    G=(none)   M=C:\BCC582\LIB\CW32.LIB|strcpy ACBP=A9
 0001:000CA8EC 0000005A C=CODE    S=_TEXT    G=(none)   M=C:\BCC582\LIB\CW32.LIB|strlen ACBP=A9
 0001:000CA948 0000006E C=CODE    S=_TEXT    G=(none)   M=C:\BCC582\LIB\CW32.LIB|strncat ACBP=A9
 0001:000CA9B8 00000027 C=CODE    S=_TEXT    G=(none)   M=C:\BCC582\LIB\CW32.LIB|strncmp ACBP=A9
 0001:000CA9E0 0000006C C=CODE    S=_TEXT    G=(none)   M=C:\BCC582\LIB\CW32.LIB|memcmp ACBP=A9
 0001:000CAA4C 00000032 C=CODE    S=_TEXT    G=(none)   M=C:\BCC582\LIB\CW32.LIB|strdup ACBP=A9
 0001:000CAA80 0000009F C=CODE    S=_TEXT    G=(none)   M=C:\BCC582\LIB\CW32.LIB|strerror ACBP=A9
 0001:000CAB20 0000004F C=CODE    S=_TEXT    G=(none)   M=C:\BCC582\LIB\CW32.LIB|strncpy ACBP=A9
 0001:000CAB70 0000002B C=CODE    S=_TEXT    G=(none)   M=C:\BCC582\LIB\CW32.LIB|strpbrk ACBP=A9
 0001:000CAB9C 00000029 C=CODE    S=_TEXT    G=(none)   M=C:\BCC582\LIB\CW32.LIB|strrchr ACBP=A9
 0001:000CABC8 00000054 C=CODE    S=_TEXT    G=(none)   M=C:\BCC582\LIB\CW32.LIB|strstr ACBP=A9
 0001:000CAC1C 00000037 C=CODE    S=_TEXT    G=(none)   M=C:\BCC582\LIB\CW32.LIB|_stpcpy ACBP=A9
 0001:000CAC54 00000018 C=CODE    S=_TEXT    G=(none)   M=C:\BCC582\LIB\CW32.LIB|wcslen ACBP=A9
 0001:000CAC6C 0000003F C=CODE    S=_TEXT    G=(none)   M=C:\BCC582\LIB\CW32.LIB|wcscpy ACBP=A9
 0001:000CACAC 00000070 C=CODE    S=_TEXT    G=(none)   M=C:\BCC582\LIB\CW32.LIB|xxa ACBP=A9
 0001:000CAD1C 00000844 C=CODE    S=_TEXT    G=(none)   M=C:\BCC582\LIB\CW32.LIB|xxtype ACBP=A9
 0001:000CB53A 0000005B C=CODE    S=_TEXT    G=(none)   M=C:\BCC582\LIB\CW32.LIB|xxut ACBP=A9
 0001:000CB564 0000014F C=CODE    S=_TEXT    G=(none)   M=C:\BCC582\LIB\CW32.LIB|xxv ACBP=A9
 0001:000CB6B4 0000000A C=CODE    S=_TEXT    G=(none)   M=C:\BCC582\LIB\CW32.LIB|defhandl ACBP=A9
 0001:000CB6C0 00000199 C=CODE    S=_TEXT    G=(none)   M=C:\BCC582\LIB\CW32.LIB|except ACBP=A9
 0001:000CB85C 00000046 C=CODE    S=_TEXT    G=(none)   M=C:\BCC582\LIB\CW32.LIB|setexc ACBP=A9
 0001:000CB8A4 00000022 C=CODE    S=_TEXT    G=(none)   M=C:\BCC582\LIB\CW32.LIB|ta ACBP=A9
 0001:000CB8C8 0000003F C=CODE    S=_TEXT    G=(none)   M=C:\BCC582\LIB\CW32.LIB|__access ACBP=A9
 0001:000CB908 00000063 C=CODE    S=_TEXT    G=(none)   M=C:\BCC582\LIB\CW32.LIB|__close ACBP=A9
 0001:000CB96C 00000013 C=CODE    S=_TEXT    G=(none)   M=C:\BCC582\LIB\CW32.LIB|__dup ACBP=A9
 0001:000CB980 000000EF C=CODE    S=_TEXT    G=(none)   M=C:\BCC582\LIB\CW32.LIB|__dup2 ACBP=A9
 0001:000CBA70 00000086 C=CODE    S=_TEXT    G=(none)   M=C:\BCC582\LIB\CW32.LIB|__eof ACBP=A9
 0001:000CBAF8 00000047 C=CODE    S=_TEXT    G=(none)   M=C:\BCC582\LIB\CW32.LIB|__isatty ACBP=A9
 0001:000CBB40 00000076 C=CODE    S=_TEXT    G=(none)   M=C:\BCC582\LIB\CW32.LIB|__lseek ACBP=A9
 0001:000CBBB8 000001FA C=CODE    S=_TEXT    G=(none)   M=C:\BCC582\LIB\CW32.LIB|__open ACBP=A9
 0001:000CBDB4 0000019A C=CODE    S=_TEXT    G=(none)   M=C:\BCC582\LIB\CW32.LIB|__read ACBP=A9
 0001:000CBF50 000001DA C=CODE    S=_TEXT    G=(none)   M=C:\BCC582\LIB\CW32.LIB|__wread ACBP=A9
 0001:000CC12C 0000011C C=CODE    S=_TEXT    G=(none)   M=C:\BCC582\LIB\CW32.LIB|__write ACBP=A9
 0001:000CC248 00000011 C=CODE    S=_TEXT    G=(none)   M=C:\BCC582\LIB\CW32.LIB|_cfinfo ACBP=A9
 0001:000CC25C 00000075 C=CODE    S=_TEXT    G=(none)   M=C:\BCC582\LIB\CW32.LIB|_read ACBP=A9
 0001:000CC2D4 00000008 C=CODE    S=_TEXT    G=(none)   M=C:\BCC582\LIB\CW32.LIB|_stat ACBP=A9
 0001:000CC2DC 00000017 C=CODE    S=_TEXT    G=(none)   M=C:\BCC582\LIB\CW32.LIB|_umask ACBP=A9
 0001:000CC2DC 00000061 C=CODE    S=_TEXT    G=(none)   M=C:\BCC582\LIB\CW32.LIB|_write ACBP=A9
 0001:000CC340 0000007D C=CODE    S=_TEXT    G=(none)   M=C:\BCC582\LIB\CW32.LIB|allocbuf ACBP=A9
 0001:000CC3C0 0000009C C=CODE    S=_TEXT    G=(none)   M=C:\BCC582\LIB\CW32.LIB|chdrive ACBP=A9
 0001:000CC45C 00000008 C=CODE    S=_TEXT    G=(none)   M=C:\BCC582\LIB\CW32.LIB|close ACBP=A9
 0001:000CC464 00000008 C=CODE    S=_TEXT    G=(none)   M=C:\BCC582\LIB\CW32.LIB|dup ACBP=A9
 0001:000CC46C 0000008E C=CODE    S=_TEXT    G=(none)   M=C:\BCC582\LIB\CW32.LIB|fclose ACBP=A9
 0001:000CC4FC 0000007F C=CODE    S=_TEXT    G=(none)   M=C:\BCC582\LIB\CW32.LIB|fflush ACBP=A9
 0001:000CC57C 0000001E C=CODE    S=_TEXT    G=(none)   M=C:\BCC582\LIB\CW32.LIB|fgetpos ACBP=A9
 0001:000CC59C 0000005A C=CODE    S=_TEXT    G=(none)   M=C:\BCC582\LIB\CW32.LIB|flushout ACBP=A9
 0001:000CC5F8 00000023 C=CODE    S=_TEXT    G=(none)   M=C:\BCC582\LIB\CW32.LIB|fmodeptr ACBP=A9
 0001:000CC61C 000001DD C=CODE    S=_TEXT    G=(none)   M=C:\BCC582\LIB\CW32.LIB|fopen ACBP=A9
 0001:000CC7FC 00000022 C=CODE    S=_TEXT    G=(none)   M=C:\BCC582\LIB\CW32.LIB|fprintf ACBP=A9
 0001:000CC820 000000DB C=CODE    S=_TEXT    G=(none)   M=C:\BCC582\LIB\CW32.LIB|fputn ACBP=A9
 0001:000CC8FC 00000140 C=CODE    S=_TEXT    G=(none)   M=C:\BCC582\LIB\CW32.LIB|fseek ACBP=A9
 0001:000CCA3C 00000019 C=CODE    S=_TEXT    G=(none)   M=C:\BCC582\LIB\CW32.LIB|fsetpos ACBP=A9
 0001:000CCA58 000000DB C=CODE    S=_TEXT    G=(none)   M=C:\BCC582\LIB\CW32.LIB|fullpath ACBP=A9
 0001:000CCB34 00000031 C=CODE    S=_TEXT    G=(none)   M=C:\BCC582\LIB\CW32.LIB|fwrite ACBP=A9
 0001:000CCB68 000002B9 C=CODE    S=_TEXT    G=(none)   M=C:\BCC582\LIB\CW32.LIB|handles ACBP=A9
 0001:000CCE24 00000076 C=CODE    S=_TEXT    G=(none)   M=C:\BCC582\LIB\CW32.LIB|ioerror ACBP=A9
 0001:000CCE9C 000001A5 C=CODE    S=_TEXT    G=(none)   M=C:\BCC582\LIB\CW32.LIB|lgetc ACBP=A9
 0001:000CD044 000001A9 C=CODE    S=_TEXT    G=(none)   M=C:\BCC582\LIB\CW32.LIB|lgetwc ACBP=A9
 0001:000CD1F0 00000112 C=CODE    S=_TEXT    G=(none)   M=C:\BCC582\LIB\CW32.LIB|lputc ACBP=A9
 0001:000CD304 00000144 C=CODE    S=_TEXT    G=(none)   M=C:\BCC582\LIB\CW32.LIB|lputwc ACBP=A9
 0001:000CD448 00000091 C=CODE    S=_TEXT    G=(none)   M=C:\BCC582\LIB\CW32.LIB|mkname ACBP=A9
 0001:000CD4D9 00000079 C=CODE    S=_TEXT    G=(none)   M=C:\BCC582\LIB\CW32.LIB|perror ACBP=A9
 0001:000CD4DC 00000023 C=CODE    S=_TEXT    G=(none)   M=C:\BCC582\LIB\CW32.LIB|printf ACBP=A9
 0001:000CD500 0000006E C=CODE    S=_TEXT    G=(none)   M=C:\BCC582\LIB\CW32.LIB|setmode ACBP=A9
 0001:000CD570 0000004D C=CODE    S=_TEXT    G=(none)   M=C:\BCC582\LIB\CW32.LIB|setvbuf ACBP=A9
 0001:000CD5C0 00000078 C=CODE    S=_TEXT    G=(none)   M=C:\BCC582\LIB\CW32.LIB|sprintf ACBP=A9
 0001:000CD638 00000207 C=CODE    S=_TEXT    G=(none)   M=C:\BCC582\LIB\CW32.LIB|stat ACBP=A9
 0001:000CD840 00000101 C=CODE    S=_TEXT    G=(none)   M=C:\BCC582\LIB\CW32.LIB|streams ACBP=A9
 0001:000CD944 00000050 C=CODE    S=_TEXT    G=(none)   M=C:\BCC582\LIB\CW32.LIB|ungetc ACBP=A9
 0001:000CD994 0000005C C=CODE    S=_TEXT    G=(none)   M=C:\BCC582\LIB\CW32.LIB|ungetwc ACBP=A9
 0001:000CD9F0 0000001A C=CODE    S=_TEXT    G=(none)   M=C:\BCC582\LIB\CW32.LIB|unlink ACBP=A9
 0001:000CDA0C 00000022 C=CODE    S=_TEXT    G=(none)   M=C:\BCC582\LIB\CW32.LIB|vfprintf ACBP=A9
 0001:000CDA30 00000A2A C=CODE    S=_TEXT    G=(none)   M=C:\BCC582\LIB\CW32.LIB|vprinter ACBP=A9
 0001:000CE45C 0000002E C=CODE    S=_TEXT    G=(none)   M=C:\BCC582\LIB\CW32.LIB|xfclose ACBP=A9
 0001:000CE48C 00000027 C=CODE    S=_TEXT    G=(none)   M=C:\BCC582\LIB\CW32.LIB|xfflush ACBP=A9
 0001:000CE4B3 00000006 C=CODE    S=_TEXT    G=(none)   M=C:\BCC582\LIB\CW32.LIB|cconv ACBP=A9
 0001:000CE4B4 000002CC C=CODE    S=_TEXT    G=(none)   M=C:\BCC582\LIB\CW32.LIB|convt ACBP=A9
 0001:000CE780 00000051 C=CODE    S=_TEXT    G=(none)   M=C:\BCC582\LIB\CW32.LIB|getinfo ACBP=A9
 0001:000CE7D4 00000102 C=CODE    S=_TEXT    G=(none)   M=C:\BCC582\LIB\CW32.LIB|is ACBP=A9
 0001:000CE8D8 00000103 C=CODE    S=_TEXT    G=(none)   M=C:\BCC582\LIB\CW32.LIB|wis ACBP=A9
 0001:000CE9DC 00000043 C=CODE    S=_TEXT    G=(none)   M=C:\BCC582\LIB\CW32.LIB|isctype ACBP=A9
 0001:000CEA20 00000055 C=CODE    S=_TEXT    G=(none)   M=C:\BCC582\LIB\CW32.LIB|iswctype ACBP=A9
 0001:000CEA78 00001187 C=CODE    S=_TEXT    G=(none)   M=C:\BCC582\LIB\CW32.LIB|locale ACBP=A9
 0001:000CFC00 00000816 C=CODE    S=_TEXT    G=(none)   M=C:\BCC582\LIB\CW32.LIB|initcat ACBP=A9
 0001:000D0418 00000097 C=CODE    S=_TEXT    G=(none)   M=C:\BCC582\LIB\CW32.LIB|lconv ACBP=A9
 0001:000D04B0 00000024 C=CODE    S=_TEXT    G=(none)   M=C:\BCC582\LIB\CW32.LIB|lstrlwr ACBP=A9
 0001:000D04D4 00000054 C=CODE    S=_TEXT    G=(none)   M=C:\BCC582\LIB\CW32.LIB|ltolower ACBP=A9
 0001:000D0528 00000054 C=CODE    S=_TEXT    G=(none)   M=C:\BCC582\LIB\CW32.LIB|ltoupper ACBP=A9
 0001:000D057C 000004E6 C=CODE    S=_TEXT    G=(none)   M=C:\BCC582\LIB\CW32.LIB|mbyte1 ACBP=A9
 0001:000D0A64 00000016 C=CODE    S=_TEXT    G=(none)   M=C:\BCC582\LIB\CW32.LIB|lsetlocl ACBP=A9
 0001:000D0A7C 00000200 C=CODE    S=_TEXT    G=(none)   M=C:\BCC582\LIB\CW32.LIB|_ll ACBP=A9
 0001:000D0C7C 0000001D C=CODE    S=_TEXT    G=(none)   M=C:\BCC582\LIB\CW32.LIB|_finite ACBP=A9
 0001:000D0C9C 0000002D C=CODE    S=_TEXT    G=(none)   M=C:\BCC582\LIB\CW32.LIB|_finitel ACBP=A9
 0001:000D0CCC 0000002B C=CODE    S=_TEXT    G=(none)   M=C:\BCC582\LIB\CW32.LIB|_ftoul ACBP=A9
 0001:000D0CF8 00000045 C=CODE    S=_TEXT    G=(none)   M=C:\BCC582\LIB\CW32.LIB|_isnan ACBP=A9
 0001:000D0D40 00000049 C=CODE    S=_TEXT    G=(none)   M=C:\BCC582\LIB\CW32.LIB|_isnanl ACBP=A9
 0001:000D0D8C 00000008 C=CODE    S=_TEXT    G=(none)   M=C:\BCC582\LIB\CW32.LIB|_ltoa1 ACBP=A9
 0001:000D0D94 000000B0 C=CODE    S=_TEXT    G=(none)   M=C:\BCC582\LIB\CW32.LIB|_matherr ACBP=A9
 0001:000D0E44 00000188 C=CODE    S=_TEXT    G=(none)   M=C:\BCC582\LIB\CW32.LIB|_pow10 ACBP=A9
 0001:000D0FCC 00000077 C=CODE    S=_TEXT    G=(none)   M=C:\BCC582\LIB\CW32.LIB|atol ACBP=A9
 0001:000D1044 0000001C C=CODE    S=_TEXT    G=(none)   M=C:\BCC582\LIB\CW32.LIB|ceil ACBP=A9
 0001:000D1060 00000013 C=CODE    S=_TEXT    G=(none)   M=C:\BCC582\LIB\CW32.LIB|clear87 ACBP=A9
 0001:000D1074 0000003F C=CODE    S=_TEXT    G=(none)   M=C:\BCC582\LIB\CW32.LIB|cos ACBP=A9
 0001:000D10B4 0000002F C=CODE    S=_TEXT    G=(none)   M=C:\BCC582\LIB\CW32.LIB|ctrl87 ACBP=A9
 0001:000D10E4 00000018 C=CODE    S=_TEXT    G=(none)   M=C:\BCC582\LIB\CW32.LIB|cvtentry ACBP=A9
 0001:000D10FC 00000018 C=CODE    S=_TEXT    G=(none)   M=C:\BCC582\LIB\CW32.LIB|cvtfak ACBP=A9
 0001:000D1114 00000018 C=CODE    S=_TEXT    G=(none)   M=C:\BCC582\LIB\CW32.LIB|cvtfakw ACBP=A9
 0001:000D112C 00000016 C=CODE    S=_TEXT    G=(none)   M=C:\BCC582\LIB\CW32.LIB|div ACBP=A9
 0001:000D1144 0000006C C=CODE    S=_TEXT    G=(none)   M=C:\BCC582\LIB\CW32.LIB|exp ACBP=A9
 0001:000D11B0 000000CD C=CODE    S=_TEXT    G=(none)   M=C:\BCC582\LIB\CW32.LIB|f87exp ACBP=A9
 0001:000D1280 00000048 C=CODE    S=_TEXT    G=(none)   M=C:\BCC582\LIB\CW32.LIB|f87log ACBP=A9
 0001:000D12C8 0000000D C=CODE    S=_TEXT    G=(none)   M=C:\BCC582\LIB\CW32.LIB|fabs ACBP=A9
 0001:000D12D8 0000004D C=CODE    S=_TEXT    G=(none)   M=C:\BCC582\LIB\CW32.LIB|fmod ACBP=A9
 0001:000D1328 00000016 C=CODE    S=_TEXT    G=(none)   M=C:\BCC582\LIB\CW32.LIB|fpreset ACBP=A9
 0001:000D1340 0000002D C=CODE    S=_TEXT    G=(none)   M=C:\BCC582\LIB\CW32.LIB|ftol ACBP=A9
 0001:000D1370 0000002D C=CODE    S=_TEXT    G=(none)   M=C:\BCC582\LIB\CW32.LIB|fuildq ACBP=A9
 0001:000D13A0 00000021 C=CODE    S=_TEXT    G=(none)   M=C:\BCC582\LIB\CW32.LIB|fuistq ACBP=A9
 0001:000D13C4 00000011 C=CODE    S=_TEXT    G=(none)   M=C:\BCC582\LIB\CW32.LIB|fxam ACBP=A9
 0001:000D13D8 000000B1 C=CODE    S=_TEXT    G=(none)   M=C:\BCC582\LIB\CW32.LIB|int64toa ACBP=A9
 0001:000D148C 00000117 C=CODE    S=_TEXT    G=(none)   M=C:\BCC582\LIB\CW32.LIB|ldtrunc ACBP=A9
 0001:000D15A4 0000006D C=CODE    S=_TEXT    G=(none)   M=C:\BCC582\LIB\CW32.LIB|log ACBP=A9
 0001:000D1614 0000008F C=CODE    S=_TEXT    G=(none)   M=C:\BCC582\LIB\CW32.LIB|longtoa ACBP=A9
 0001:000D16A4 00000075 C=CODE    S=_TEXT    G=(none)   M=C:\BCC582\LIB\CW32.LIB|ltoa1 ACBP=A9
 0001:000D171C 0000002E C=CODE    S=_TEXT    G=(none)   M=C:\BCC582\LIB\CW32.LIB|matherrl ACBP=A9
 0001:000D174C 00000019 C=CODE    S=_TEXT    G=(none)   M=C:\BCC582\LIB\CW32.LIB|mathptr ACBP=A9
 0001:000D1768 00000030 C=CODE    S=_TEXT    G=(none)   M=C:\BCC582\LIB\CW32.LIB|modf ACBP=A9
 0001:000D1798 00000030 C=CODE    S=_TEXT    G=(none)   M=C:\BCC582\LIB\CW32.LIB|modfl ACBP=A9
 0001:000D17C8 000001DC C=CODE    S=_TEXT    G=(none)   M=C:\BCC582\LIB\CW32.LIB|pow ACBP=A9
 0001:000D19A4 00000025 C=CODE    S=_TEXT    G=(none)   M=C:\BCC582\LIB\CW32.LIB|qdiv10 ACBP=A9
 0001:000D19CC 0000002E C=CODE    S=_TEXT    G=(none)   M=C:\BCC582\LIB\CW32.LIB|qmul10 ACBP=A9
 0001:000D19FC 0000008E C=CODE    S=_TEXT    G=(none)   M=C:\BCC582\LIB\CW32.LIB|rand ACBP=A9
 0001:000D1A8C 000002F9 C=CODE    S=_TEXT    G=(none)   M=C:\BCC582\LIB\CW32.LIB|realcvt ACBP=A9
 0001:000D1D88 00000335 C=CODE    S=_TEXT    G=(none)   M=C:\BCC582\LIB\CW32.LIB|realcvtw ACBP=A9
 0001:000D20C0 0000002C C=CODE    S=_TEXT    G=(none)   M=C:\BCC582\LIB\CW32.LIB|round ACBP=A9
 0001:000D20EC 000004E9 C=CODE    S=_TEXT    G=(none)   M=C:\BCC582\LIB\CW32.LIB|scantod ACBP=A9
 0001:000D25D8 000004E9 C=CODE    S=_TEXT    G=(none)   M=C:\BCC582\LIB\CW32.LIB|scanwtod ACBP=A9
 0001:000D2AC4 0000003F C=CODE    S=_TEXT    G=(none)   M=C:\BCC582\LIB\CW32.LIB|sin ACBP=A9
 0001:000D2B04 0000003A C=CODE    S=_TEXT    G=(none)   M=C:\BCC582\LIB\CW32.LIB|sqrt ACBP=A9
 0001:000D2B40 000002D4 C=CODE    S=_TEXT    G=(none)   M=C:\BCC582\LIB\CW32.LIB|xcvt ACBP=A9
 0001:000D2E14 000002F3 C=CODE    S=_TEXT    G=(none)   M=C:\BCC582\LIB\CW32.LIB|xcvtw ACBP=A9
 0001:000D3108 0000014D C=CODE    S=_TEXT    G=(none)   M=C:\BCC582\LIB\CW32.LIB|mbctype ACBP=A9
 0001:000D3258 0000003D C=CODE    S=_TEXT    G=(none)   M=C:\BCC582\LIB\CW32.LIB|mbisalp ACBP=A9
 0001:000D3298 0000001A C=CODE    S=_TEXT    G=(none)   M=C:\BCC582\LIB\CW32.LIB|mbisdgt ACBP=A9
 0001:000D32B4 0000001A C=CODE    S=_TEXT    G=(none)   M=C:\BCC582\LIB\CW32.LIB|mbisspc ACBP=A9
 0001:000D32D0 0000009B C=CODE    S=_TEXT    G=(none)   M=C:\BCC582\LIB\CW32.LIB|mbsicmp ACBP=A9
 0001:000D336C 00000054 C=CODE    S=_TEXT    G=(none)   M=C:\BCC582\LIB\CW32.LIB|mbsnbcpy ACBP=A9
 0001:000D33C0 000000BF C=CODE    S=_TEXT    G=(none)   M=C:\BCC582\LIB\CW32.LIB|mbsnbicm ACBP=A9
 0001:000D3480 0000006C C=CODE    S=_TEXT    G=(none)   M=C:\BCC582\LIB\CW32.LIB|mbspbrk ACBP=A9
 0001:000D34EC 00000058 C=CODE    S=_TEXT    G=(none)   M=C:\BCC582\LIB\CW32.LIB|mbsrchr ACBP=A9
 0001:000D3544 0000001D C=CODE    S=_TEXT    G=(none)   M=C:\BCC582\LIB\CW32.LIB|mbtoupr ACBP=A9
 0001:000D3564 000000A6 C=CODE    S=_TEXT    G=(none)   M=C:\BCC582\LIB\CW32.LIB|assert ACBP=A9
 0001:000D360C 000000BA C=CODE    S=_TEXT    G=(none)   M=C:\BCC582\LIB\CW32.LIB|ermsghlp ACBP=A9
 0001:000D36C6 00000006 C=CODE    S=_TEXT    G=(none)   M=C:\BCC582\LIB\CW32.LIB|errno ACBP=A9
 0001:000D36C8 0000019B C=CODE    S=_TEXT    G=(none)   M=C:\BCC582\LIB\CW32.LIB|errormsg ACBP=A9
 0001:000D3864 00000089 C=CODE    S=_TEXT    G=(none)   M=C:\BCC582\LIB\CW32.LIB|platform ACBP=A9
 0001:000D38ED 00000013 C=CODE    S=_TEXT    G=(none)   M=C:\BCC582\LIB\CW32.LIB|pureerr ACBP=A9
 0001:000D3900 00000236 C=CODE    S=_TEXT    G=(none)   M=C:\BCC582\LIB\CW32.LIB|qsort ACBP=A9
 0001:000D3B38 00000022 C=CODE    S=_TEXT    G=(none)   M=C:\BCC582\LIB\CW32.LIB|abort ACBP=A9
 0001:000D3B5C 000000A7 C=CODE    S=_TEXT    G=(none)   M=C:\BCC582\LIB\CW32.LIB|exit ACBP=A9
 0001:000D3C04 00000057 C=CODE    S=_TEXT    G=(none)   M=C:\BCC582\LIB\CW32.LIB|getenv ACBP=A9
 0001:000D3C5C 0000001A C=CODE    S=_TEXT    G=(none)   M=C:\BCC582\LIB\CW32.LIB|initwild ACBP=A9
 0001:000D3C78 00000011 C=CODE    S=_TEXT    G=(none)   M=C:\BCC582\LIB\CW32.LIB|exparg ACBP=A9
 0001:000D3C8C 00000011 C=CODE    S=_TEXT    G=(none)   M=C:\BCC582\LIB\CW32.LIB|wexparg ACBP=A9
 0001:000D3CA0 00000027 C=CODE    S=_TEXT    G=(none)   M=C:\BCC582\LIB\CW32.LIB|initargv ACBP=A9
 0001:000D3CC8 0000016C C=CODE    S=_TEXT    G=(none)   M=C:\BCC582\LIB\CW32.LIB|setargv ACBP=A9
 0001:000D3E34 000001E5 C=CODE    S=_TEXT    G=(none)   M=C:\BCC582\LIB\CW32.LIB|hsargv ACBP=A9
 0001:000D401C 00000227 C=CODE    S=_TEXT    G=(none)   M=C:\BCC582\LIB\CW32.LIB|whsargv ACBP=A9
 0001:000D4244 00000045 C=CODE    S=_TEXT    G=(none)   M=C:\BCC582\LIB\CW32.LIB|setargv0 ACBP=A9
 0001:000D428C 000001A0 C=CODE    S=_TEXT    G=(none)   M=C:\BCC582\LIB\CW32.LIB|setenvp ACBP=A9
 0001:000D442C 000002FA C=CODE    S=_TEXT    G=(none)   M=C:\BCC582\LIB\CW32.LIB|signal ACBP=A9
 0001:000D4728 00000157 C=CODE    S=_TEXT    G=(none)   M=C:\BCC582\LIB\CW32.LIB|initexit ACBP=A9
 0001:000D4880 000001A4 C=CODE    S=_TEXT    G=(none)   M=C:\BCC582\LIB\CW32.LIB|startup ACBP=A9
 0001:000D4A24 0000004F C=CODE    S=_TEXT    G=(none)   M=C:\BCC582\LIB\CW32.LIB|tlsstat ACBP=A9
 0001:000D4A74 000002A8 C=CODE    S=_TEXT    G=(none)   M=C:\BCC582\LIB\CW32.LIB|timefunc ACBP=A9
 0001:000D4D1C 00000006 C=CODE    S=_TEXT    G=(none)   M=C:\BCC582\LIB\CW32.LIB|tzdata ACBP=A9
 0001:000D4D24 000001C8 C=CODE    S=_TEXT    G=(none)   M=C:\BCC582\LIB\CW32.LIB|tzset ACBP=A9
 0001:000D4EEC 00000008 C=CODE    S=_TEXT    G=(none)   M=C:\BCC582\LIB\CW32.LIB|_tzset ACBP=A9
 0001:000D4EF4 00000156 C=CODE    S=_TEXT    G=(none)   M=C:\BCC582\LIB\CW32.LIB|statcvt ACBP=A9
 0001:000D504C 0000004D C=CODE    S=_TEXT    G=(none)   M=C:\BCC582\LIB\CW32.LIB|time ACBP=A9
 0001:000D509C 00001BB9 C=CODE    S=_TEXT    G=(none)   M=C:\BCC582\LIB\CW32.LIB|xx ACBP=A9
 0002:00000000 000000A4 C=DATA    S=_DATA    G=DGROUP   M=C:\BCC582\LIB\C0W32.OBJ ACBP=A9
 0002:000000A4 00002324 C=DATA    S=_DATA    G=DGROUP   M=C:\SISTEMAS FIVEWIN\CONSCADNFE\OBJ\MAIN.OBJ ACBP=A9
 0002:000023C8 0000116C C=DATA    S=_DATA    G=DGROUP   M=C:\SISTEMAS FIVEWIN\CONSCADNFE\OBJ\W32OLE.OBJ ACBP=A9
 0002:00003534 00000FE4 C=DATA    S=_DATA    G=DGROUP   M=C:\FWH1109\LIB\FIVEHX.LIB|ACTIVEX ACBP=A9
 0002:00004518 00000BAC C=DATA    S=_DATA    G=DGROUP   M=C:\FWH1109\LIB\FIVEHX.LIB|ALERT ACBP=A9
 0002:000050C4 000041B4 C=DATA    S=_DATA    G=DGROUP   M=C:\FWH1109\LIB\FIVEHX.LIB|BAR ACBP=A9
 0002:00009278 00003EB0 C=DATA    S=_DATA    G=DGROUP   M=C:\FWH1109\LIB\FIVEHX.LIB|BITMAP ACBP=A9
 0002:0000D128 0000292C C=DATA    S=_DATA    G=DGROUP   M=C:\FWH1109\LIB\FIVEHX.LIB|BRUSH ACBP=A9
 0002:0000FA54 00001498 C=DATA    S=_DATA    G=DGROUP   M=C:\FWH1109\LIB\FIVEHX.LIB|BUTTON ACBP=A9
 0002:00010EEC 00001268 C=DATA    S=_DATA    G=DGROUP   M=C:\FWH1109\LIB\FIVEHX.LIB|BUTTONB ACBP=A9
 0002:00012154 00000414 C=DATA    S=_DATA    G=DGROUP   M=C:\FWH1109\LIB\FIVEHX.LIB|CHECKRES ACBP=A9
 0002:00012568 00000A5C C=DATA    S=_DATA    G=DGROUP   M=C:\FWH1109\LIB\FIVEHX.LIB|CLIPBRD ACBP=A9
 0002:00012FC4 00000A98 C=DATA    S=_DATA    G=DGROUP   M=C:\FWH1109\LIB\FIVEHX.LIB|DDE ACBP=A9
 0002:00013A5C 00000624 C=DATA    S=_DATA    G=DGROUP   M=C:\FWH1109\LIB\FIVEHX.LIB|DLGFIND ACBP=A9
 0002:00014080 00010E6C C=DATA    S=_DATA    G=DGROUP   M=C:\FWH1109\LIB\FIVEHX.LIB|FGET ACBP=A9
 0002:00024EEC 00000578 C=DATA    S=_DATA    G=DGROUP   M=C:\FWH1109\LIB\FIVEHX.LIB|FLINE ACBP=A9
 0002:00025464 000028B8 C=DATA    S=_DATA    G=DGROUP   M=C:\FWH1109\LIB\FIVEHX.LIB|FONT ACBP=A9
 0002:00027D1C 00000364 C=DATA    S=_DATA    G=DGROUP   M=C:\FWH1109\LIB\FIVEHX.LIB|FWERROR ACBP=A9
 0002:00028080 000018C4 C=DATA    S=_DATA    G=DGROUP   M=C:\FWH1109\LIB\FIVEHX.LIB|GTF ACBP=A9
 0002:00029944 00000958 C=DATA    S=_DATA    G=DGROUP   M=C:\FWH1109\LIB\FIVEHX.LIB|HARBOUR ACBP=A9
 0002:0002A29C 00000948 C=DATA    S=_DATA    G=DGROUP   M=C:\FWH1109\LIB\FIVEHX.LIB|HELP32 ACBP=A9
 0002:0002ABE4 000008E8 C=DATA    S=_DATA    G=DGROUP   M=C:\FWH1109\LIB\FIVEHX.LIB|HELPCHM ACBP=A9
 0002:0002B4CC 00000F24 C=DATA    S=_DATA    G=DGROUP   M=C:\FWH1109\LIB\FIVEHX.LIB|ICON ACBP=A9
 0002:0002C3F0 00002A08 C=DATA    S=_DATA    G=DGROUP   M=C:\FWH1109\LIB\FIVEHX.LIB|IMAGE ACBP=A9
 0002:0002EDF8 00000AE0 C=DATA    S=_DATA    G=DGROUP   M=C:\FWH1109\LIB\FIVEHX.LIB|INI ACBP=A9
 0002:0002F8D8 00002828 C=DATA    S=_DATA    G=DGROUP   M=C:\FWH1109\LIB\FIVEHX.LIB|LISTBOX ACBP=A9
 0002:00032100 00001300 C=DATA    S=_DATA    G=DGROUP   M=C:\FWH1109\LIB\FIVEHX.LIB|MDICLIEN ACBP=A9
 0002:00033400 0000185C C=DATA    S=_DATA    G=DGROUP   M=C:\FWH1109\LIB\FIVEHX.LIB|MDIFRAME ACBP=A9
 0002:00034C5C 00000730 C=DATA    S=_DATA    G=DGROUP   M=C:\FWH1109\LIB\FIVEHX.LIB|MEMOEDIT ACBP=A9
 0002:0003538C 00002370 C=DATA    S=_DATA    G=DGROUP   M=C:\FWH1109\LIB\FIVEHX.LIB|MENUITEM ACBP=A9
 0002:000376FC 000038C4 C=DATA    S=_DATA    G=DGROUP   M=C:\FWH1109\LIB\FIVEHX.LIB|MGET ACBP=A9
 0002:0003AFC0 000005E0 C=DATA    S=_DATA    G=DGROUP   M=C:\FWH1109\LIB\FIVEHX.LIB|MSGGET ACBP=A9
 0002:0003B5A0 000004E8 C=DATA    S=_DATA    G=DGROUP   M=C:\FWH1109\LIB\FIVEHX.LIB|MSGRUN ACBP=A9
 0002:0003BA88 000005E8 C=DATA    S=_DATA    G=DGROUP   M=C:\FWH1109\LIB\FIVEHX.LIB|PDMENU ACBP=A9
 0002:0003C070 00000590 C=DATA    S=_DATA    G=DGROUP   M=C:\FWH1109\LIB\FIVEHX.LIB|PEN ACBP=A9
 0002:0003C600 00003E04 C=DATA    S=_DATA    G=DGROUP   M=C:\FWH1109\LIB\FIVEHX.LIB|PRINTER ACBP=A9
 0002:00040404 000012B4 C=DATA    S=_DATA    G=DGROUP   M=C:\FWH1109\LIB\FIVEHX.LIB|RADIO ACBP=A9
 0002:000416B8 000012C0 C=DATA    S=_DATA    G=DGROUP   M=C:\FWH1109\LIB\FIVEHX.LIB|RADMENU ACBP=A9
 0002:00042978 000006FC C=DATA    S=_DATA    G=DGROUP   M=C:\FWH1109\LIB\FIVEHX.LIB|REBAR ACBP=A9
 0002:00043074 000009C4 C=DATA    S=_DATA    G=DGROUP   M=C:\FWH1109\LIB\FIVEHX.LIB|RECT ACBP=A9
 0002:00043A38 00000C90 C=DATA    S=_DATA    G=DGROUP   M=C:\FWH1109\LIB\FIVEHX.LIB|REG32 ACBP=A9
 0002:000446C8 00001A40 C=DATA    S=_DATA    G=DGROUP   M=C:\FWH1109\LIB\FIVEHX.LIB|SCRLLBAR ACBP=A9
 0002:00046108 00000A68 C=DATA    S=_DATA    G=DGROUP   M=C:\FWH1109\LIB\FIVEHX.LIB|SHELLAPI ACBP=A9
 0002:00046B70 00001070 C=DATA    S=_DATA    G=DGROUP   M=C:\FWH1109\LIB\FIVEHX.LIB|STATUSBA ACBP=A9
 0002:00047BE0 000006BC C=DATA    S=_DATA    G=DGROUP   M=C:\FWH1109\LIB\FIVEHX.LIB|TACCTBL ACBP=A9
 0002:0004829C 00000310 C=DATA    S=_DATA    G=DGROUP   M=C:\FWH1109\LIB\FIVEHX.LIB|TCLIPGET ACBP=A9
 0002:000485AC 00006C38 C=DATA    S=_DATA    G=DGROUP   M=C:\FWH1109\LIB\FIVEHX.LIB|TGET ACBP=A9
 0002:0004F1E4 00001704 C=DATA    S=_DATA    G=DGROUP   M=C:\FWH1109\LIB\FIVEHX.LIB|TOOLBAR ACBP=A9
 0002:000508E8 00000858 C=DATA    S=_DATA    G=DGROUP   M=C:\FWH1109\LIB\FIVEHX.LIB|TIMAGLST ACBP=A9
 0002:00051140 0000081C C=DATA    S=_DATA    G=DGROUP   M=C:\FWH1109\LIB\FIVEHX.LIB|TIMER ACBP=A9
 0002:0005195C 00001E34 C=DATA    S=_DATA    G=DGROUP   M=C:\FWH1109\LIB\FIVEHX.LIB|TMETAFIL ACBP=A9
 0002:00053790 00001504 C=DATA    S=_DATA    G=DGROUP   M=C:\FWH1109\LIB\FIVEHX.LIB|TMSGITEM ACBP=A9
 0002:00054C94 0000587C C=DATA    S=_DATA    G=DGROUP   M=C:\FWH1109\LIB\FIVEHX.LIB|TRICHEDI ACBP=A9
 0002:0005A510 00000EE4 C=DATA    S=_DATA    G=DGROUP   M=C:\FWH1109\LIB\FIVEHX.LIB|TSTRUCT ACBP=A9
 0002:0005B3F4 000000E8 C=DATA    S=_DATA    G=DGROUP   M=C:\FWH1109\LIB\FIVEHX.LIB|WQOUT ACBP=A9
 0002:0005B4DC 00000264 C=DATA    S=_DATA    G=DGROUP   M=C:\FWH1109\LIB\FIVEHX.LIB|XPAD ACBP=A9
 0002:0005B740 000008C4 C=DATA    S=_DATA    G=DGROUP   M=C:\FWH1109\LIB\FIVEHX.LIB|CURSOR ACBP=A9
 0002:0005C004 000008AC C=DATA    S=_DATA    G=DGROUP   M=C:\FWH1109\LIB\FIVEHX.LIB|GETTASKS ACBP=A9
 0002:0005C8B0 00000F54 C=DATA    S=_DATA    G=DGROUP   M=C:\FWH1109\LIB\FIVEHX.LIB|VALBLANK ACBP=A9
 0002:0005D804 0000173C C=DATA    S=_DATA    G=DGROUP   M=C:\FWH1109\LIB\FIVEHX.LIB|SAY ACBP=A9
 0002:0005EF40 00002068 C=DATA    S=_DATA    G=DGROUP   M=C:\FWH1109\LIB\FIVEHX.LIB|ERRSYSW ACBP=A9
 0002:00060FA8 00001A68 C=DATA    S=_DATA    G=DGROUP   M=C:\FWH1109\LIB\FIVEHX.LIB|PRV2PDF ACBP=A9
 0002:00062A10 00001BB4 C=DATA    S=_DATA    G=DGROUP   M=C:\FWH1109\LIB\FIVEHX.LIB|MDICHILD ACBP=A9
 0002:000645C4 000031CC C=DATA    S=_DATA    G=DGROUP   M=C:\FWH1109\LIB\FIVEHX.LIB|MSGBAR ACBP=A9
 0002:00067790 00003310 C=DATA    S=_DATA    G=DGROUP   M=C:\FWH1109\LIB\FIVEHX.LIB|COMBOBOX ACBP=A9
 0002:0006AAA0 00005EC8 C=DATA    S=_DATA    G=DGROUP   M=C:\FWH1109\LIB\FIVEHX.LIB|CONTROL ACBP=A9
 0002:00070968 00003D24 C=DATA    S=_DATA    G=DGROUP   M=C:\FWH1109\LIB\FIVEHX.LIB|DIALOG ACBP=A9
 0002:0007468C 0000115C C=DATA    S=_DATA    G=DGROUP   M=C:\FWH1109\LIB\FIVEHX.LIB|FILENAME ACBP=A9
 0002:000757E8 00004860 C=DATA    S=_DATA    G=DGROUP   M=C:\FWH1109\LIB\FIVEHX.LIB|MENU ACBP=A9
 0002:0007A048 00000724 C=DATA    S=_DATA    G=DGROUP   M=C:\FWH1109\LIB\FIVEHX.LIB|OLEFUNCS ACBP=A9
 0002:0007A76C 00006B58 C=DATA    S=_DATA    G=DGROUP   M=C:\FWH1109\LIB\FIVEHX.LIB|RPREVIEW ACBP=A9
 0002:000812C4 0000BED0 C=DATA    S=_DATA    G=DGROUP   M=C:\FWH1109\LIB\FIVEHX.LIB|WINDOW ACBP=A9
 0002:0008D194 00000548 C=DATA    S=_DATA    G=DGROUP   M=C:\FWH1109\LIB\FIVEHX.LIB|GETSYSIN ACBP=A9
 0002:0008D6DC 000060D4 C=DATA    S=_DATA    G=DGROUP   M=C:\FWH1109\LIB\FIVEHX.LIB|BTNBMP ACBP=A9
 0002:000937B0 0000371C C=DATA    S=_DATA    G=DGROUP   M=C:\FWH1109\LIB\FIVEHC.LIB|BITMAPS ACBP=A9
 0002:00096ECC 00000008 C=DATA    S=_DATA    G=DGROUP   M=C:\FWH1109\LIB\FIVEHC.LIB|CREATEPA ACBP=A9
 0002:00096ED4 00000008 C=DATA    S=_DATA    G=DGROUP   M=C:\FWH1109\LIB\FIVEHC.LIB|CTRLDRAW ACBP=A9
 0002:00096EDC 00000004 C=DATA    S=_DATA    G=DGROUP   M=C:\FWH1109\LIB\FIVEHC.LIB|MSGTOOLS ACBP=A9
 0002:00096EE0 00000028 C=DATA    S=_DATA    G=DGROUP   M=C:\FWH1109\LIB\FIVEHC.LIB|OCX ACBP=A9
 0002:00096F08 00000004 C=DATA    S=_DATA    G=DGROUP   M=C:\FWH1109\LIB\FIVEHC.LIB|OEMANSI ACBP=A9
 0002:00096F0C 00000010 C=DATA    S=_DATA    G=DGROUP   M=C:\FWH1109\LIB\FIVEHC.LIB|REGIONS ACBP=A9
 0002:00096F1C 000001E0 C=DATA    S=_DATA    G=DGROUP   M=C:\FWH1109\LIB\FIVEHC.LIB|RIBBON ACBP=A9
 0002:000970FC 00000008 C=DATA    S=_DATA    G=DGROUP   M=C:\FWH1109\LIB\FIVEHC.LIB|WINDOWS ACBP=A9
 0002:00097104 00000018 C=DATA    S=_DATA    G=DGROUP   M=C:\FWH1109\LIB\FIVEHC.LIB|WMOUSE ACBP=A9
 0002:0009711C 00000018 C=DATA    S=_DATA    G=DGROUP   M=C:\FWH1109\LIB\FIVEHC.LIB|WNDIS ACBP=A9
 0002:00097134 00000018 C=DATA    S=_DATA    G=DGROUP   M=C:\FWH1109\LIB\FIVEHC.LIB|__WNDPRO ACBP=A9
 0002:0009714C 00000004 C=DATA    S=_DATA    G=DGROUP   M=C:\FWH1109\LIB\FIVEHC.LIB|BMPREAD ACBP=A9
 0002:00097150 00000288 C=DATA    S=_DATA    G=DGROUP   M=C:\FWH1109\LIB\FIVEHC.LIB|CTLHDLEH ACBP=A9
 0002:000973D8 0000000C C=DATA    S=_DATA    G=DGROUP   M=C:\FWH1109\LIB\FIVEHC.LIB|DLGBOX ACBP=A9
 0002:000973E4 00000024 C=DATA    S=_DATA    G=DGROUP   M=C:\FWH1109\LIB\FIVEHC.LIB|FFDLGPRC ACBP=A9
 0002:00097408 0000000C C=DATA    S=_DATA    G=DGROUP   M=C:\FWH1109\LIB\FIVEHC.LIB|FFWNDRUN ACBP=A9
 0002:00097414 0000000C C=DATA    S=_DATA    G=DGROUP   M=C:\FWH1109\LIB\FIVEHC.LIB|HARBOURC ACBP=A9
 0002:00097420 00000014 C=DATA    S=_DATA    G=DGROUP   M=C:\FWH1109\LIB\FIVEHC.LIB|TOOLBARS ACBP=A9
 0002:00097434 00000014 C=DATA    S=_DATA    G=DGROUP   M=C:\FWH1109\LIB\FIVEHC.LIB|TOOLTIP ACBP=A9
 0002:00097448 00000014 C=DATA    S=_DATA    G=DGROUP   M=C:\FWH1109\LIB\FIVEHC.LIB|WNDRUN ACBP=A9
 0002:0009745C 00000022 C=DATA    S=_DATA    G=DGROUP   M=C:\FWH1109\LIB\FIVEHC.LIB|FWPALCTL ACBP=A9
 0002:00097480 000001A0 C=DATA    S=_DATA    G=DGROUP   M=C:\FWH1109\LIB\FIVEHC.LIB|THEMES ACBP=A9
 0002:00097620 000003EC C=DATA    S=_DATA    G=DGROUP   M=C:\FWH1109\LIB\FIVEHC.LIB|ACTX ACBP=A9
 0002:00097A0C 0000000C C=DATA    S=_DATA    G=DGROUP   M=C:\FWH1109\LIB\FIVEHC.LIB|BARTOOLS ACBP=A9
 0002:00097A18 00000010 C=DATA    S=_DATA    G=DGROUP   M=C:\FWH1109\LIB\FIVEHC.LIB|BMPDRAW ACBP=A9
 0002:00097A28 00003808 C=DATA    S=_DATA    G=DGROUP   M=C:\FWH1109\LIB\FIVEHC.LIB|BRUSHES ACBP=A9
 0002:0009B230 00000002 C=DATA    S=_DATA    G=DGROUP   M=C:\FWH1109\LIB\FIVEHC.LIB|CALLDLL ACBP=A9
 0002:0009B234 0000006C C=DATA    S=_DATA    G=DGROUP   M=C:\FWH1109\LIB\FIVEHC.LIB|CALDLL32 ACBP=A9
 0002:0009B2A0 00000004 C=DATA    S=_DATA    G=DGROUP   M=C:\FWH1109\LIB\FIVEHC.LIB|CLPBRD ACBP=A9
 0002:0009B2A4 00000011 C=DATA    S=_DATA    G=DGROUP   M=C:\FWH1109\LIB\FIVEHC.LIB|CODEGTF ACBP=A9
 0002:0009B2B8 00000008 C=DATA    S=_DATA    G=DGROUP   M=C:\FWH1109\LIB\FIVEHC.LIB|CREATESO ACBP=A9
 0002:0009B2C0 00000098 C=DATA    S=_DATA    G=DGROUP   M=C:\FWH1109\LIB\FIVEHC.LIB|CTL3D ACBP=A9
 0002:0009B358 00000004 C=DATA    S=_DATA    G=DGROUP   M=C:\FWH1109\LIB\FIVEHC.LIB|CTRL2CHR ACBP=A9
 0002:0009B35C 00000550 C=DATA    S=_DATA    G=DGROUP   M=C:\FWH1109\LIB\FIVEHC.LIB|CURSORS ACBP=A9
 0002:0009B8AC 0000007C C=DATA    S=_DATA    G=DGROUP   M=C:\FWH1109\LIB\FIVEHC.LIB|DEVICE ACBP=A9
 0002:0009B928 00000004 C=DATA    S=_DATA    G=DGROUP   M=C:\FWH1109\LIB\FIVEHC.LIB|DIB ACBP=A9
 0002:0009B92C 00000004 C=DATA    S=_DATA    G=DGROUP   M=C:\FWH1109\LIB\FIVEHC.LIB|DRAWITEM ACBP=A9
 0002:0009B930 00000024 C=DATA    S=_DATA    G=DGROUP   M=C:\FWH1109\LIB\FIVEHC.LIB|FGETCLIP ACBP=A9
 0002:0009B954 00000004 C=DATA    S=_DATA    G=DGROUP   M=C:\FWH1109\LIB\FIVEHC.LIB|FGETLINE ACBP=A9
 0002:0009B958 00000018 C=DATA    S=_DATA    G=DGROUP   M=C:\FWH1109\LIB\FIVEHC.LIB|FINDTEXT ACBP=A9
 0002:0009B970 00000010 C=DATA    S=_DATA    G=DGROUP   M=C:\FWH1109\LIB\FIVEHC.LIB|FONTS ACBP=A9
 0002:0009B980 00000004 C=DATA    S=_DATA    G=DGROUP   M=C:\FWH1109\LIB\FIVEHC.LIB|FTEXT ACBP=A9
 0002:0009B984 00000028 C=DATA    S=_DATA    G=DGROUP   M=C:\FWH1109\LIB\FIVEHC.LIB|GETFILE ACBP=A9
 0002:0009B9AC 00000004 C=DATA    S=_DATA    G=DGROUP   M=C:\FWH1109\LIB\FIVEHC.LIB|GETTEXT ACBP=A9
 0002:0009B9B0 0000000D C=DATA    S=_DATA    G=DGROUP   M=C:\FWH1109\LIB\FIVEHC.LIB|HANDLIST ACBP=A9
 0002:0009B9C0 00000004 C=DATA    S=_DATA    G=DGROUP   M=C:\FWH1109\LIB\FIVEHC.LIB|HELP ACBP=A9
 0002:0009B9C4 00000170 C=DATA    S=_DATA    G=DGROUP   M=C:\FWH1109\LIB\FIVEHC.LIB|ICONS ACBP=A9
 0002:0009BB34 000000A0 C=DATA    S=_DATA    G=DGROUP   M=C:\FWH1109\LIB\FIVEHC.LIB|IMAGELIS ACBP=A9
 0002:0009BBD4 00000004 C=DATA    S=_DATA    G=DGROUP   M=C:\FWH1109\LIB\FIVEHC.LIB|INSTANCE ACBP=A9
 0002:0009BBD8 00000004 C=DATA    S=_DATA    G=DGROUP   M=C:\FWH1109\LIB\FIVEHC.LIB|LBX ACBP=A9
 0002:0009BBDC 00000008 C=DATA    S=_DATA    G=DGROUP   M=C:\FWH1109\LIB\FIVEHC.LIB|LOADBMP ACBP=A9
 0002:0009BBE4 000000A8 C=DATA    S=_DATA    G=DGROUP   M=C:\FWH1109\LIB\FIVEHC.LIB|METAFI32 ACBP=A9
 0002:0009BC8C 00000008 C=DATA    S=_DATA    G=DGROUP   M=C:\FWH1109\LIB\FIVEHC.LIB|MGETCREA ACBP=A9
 0002:0009BC94 000000B0 C=DATA    S=_DATA    G=DGROUP   M=C:\FWH1109\LIB\FIVEHC.LIB|MSGS ACBP=A9
 0002:0009BD44 00000004 C=DATA    S=_DATA    G=DGROUP   M=C:\FWH1109\LIB\FIVEHC.LIB|OR ACBP=A9
 0002:0009BD48 00000018 C=DATA    S=_DATA    G=DGROUP   M=C:\FWH1109\LIB\FIVEHC.LIB|PRINTDC ACBP=A9
 0002:0009BD60 00000004 C=DATA    S=_DATA    G=DGROUP   M=C:\FWH1109\LIB\FIVEHC.LIB|PROFILE ACBP=A9
 0002:0009BD64 00000010 C=DATA    S=_DATA    G=DGROUP   M=C:\FWH1109\LIB\FIVEHC.LIB|RECTS ACBP=A9
 0002:0009BD74 00000008 C=DATA    S=_DATA    G=DGROUP   M=C:\FWH1109\LIB\FIVEHC.LIB|RESOURCE ACBP=A9
 0002:0009BD7C 000001F8 C=DATA    S=_DATA    G=DGROUP   M=C:\FWH1109\LIB\FIVEHC.LIB|RICHEDIT ACBP=A9
 0002:0009BF74 00000018 C=DATA    S=_DATA    G=DGROUP   M=C:\FWH1109\LIB\FIVEHC.LIB|SCROLL ACBP=A9
 0002:0009BF8C 00000004 C=DATA    S=_DATA    G=DGROUP   M=C:\FWH1109\LIB\FIVEHC.LIB|SETTEXT ACBP=A9
 0002:0009BF90 00000048 C=DATA    S=_DATA    G=DGROUP   M=C:\FWH1109\LIB\FIVEHC.LIB|WNDMOVE ACBP=A9
 0002:0009BFD8 00000018 C=DATA    S=_DATA    G=DGROUP   M=C:\FWH1109\LIB\FIVEHC.LIB|WNDPRINT ACBP=A9
 0002:0009BFF0 00000010 C=DATA    S=_DATA    G=DGROUP   M=C:\FWH1109\LIB\FIVEHC.LIB|FWBMP ACBP=A9
 0002:0009C000 00000004 C=DATA    S=_DATA    G=DGROUP   M=C:\XHB121\LIB\RTL.LIB|abs ACBP=A9
 0002:0009C004 0000000C C=DATA    S=_DATA    G=DGROUP   M=C:\XHB121\LIB\RTL.LIB|at ACBP=A9
 0002:0009C010 00000010 C=DATA    S=_DATA    G=DGROUP   M=C:\XHB121\LIB\RTL.LIB|bkgtsks ACBP=A9
 0002:0009C020 000004B0 C=DATA    S=_DATA    G=DGROUP   M=C:\XHB121\LIB\RTL.LIB|cdpapi ACBP=A9
 0002:0009C4D0 00000008 C=DATA    S=_DATA    G=DGROUP   M=C:\XHB121\LIB\RTL.LIB|chrasc ACBP=A9
 0002:0009C4D8 00000004 C=DATA    S=_DATA    G=DGROUP   M=C:\XHB121\LIB\RTL.LIB|colorind ACBP=A9
 0002:0009C4DC 00000040 C=DATA    S=_DATA    G=DGROUP   M=C:\XHB121\LIB\RTL.LIB|console ACBP=A9
 0002:0009C51C 00000010 C=DATA    S=_DATA    G=DGROUP   M=C:\XHB121\LIB\RTL.LIB|datec ACBP=A9
 0002:0009C52C 00000058 C=DATA    S=_DATA    G=DGROUP   M=C:\XHB121\LIB\RTL.LIB|dateshb ACBP=A9
 0002:0009C584 00000078 C=DATA    S=_DATA    G=DGROUP   M=C:\XHB121\LIB\RTL.LIB|direct ACBP=A9
 0002:0009C5FC 0000014C C=DATA    S=_DATA    G=DGROUP   M=C:\XHB121\LIB\RTL.LIB|dllcall ACBP=A9
 0002:0009C748 00000004 C=DATA    S=_DATA    G=DGROUP   M=C:\XHB121\LIB\RTL.LIB|file ACBP=A9
 0002:0009C74C 0000004C C=DATA    S=_DATA    G=DGROUP   M=C:\XHB121\LIB\RTL.LIB|filebuf ACBP=A9
 0002:0009C798 00000018 C=DATA    S=_DATA    G=DGROUP   M=C:\XHB121\LIB\RTL.LIB|filesys ACBP=A9
 0002:0009C7B0 00000094 C=DATA    S=_DATA    G=DGROUP   M=C:\XHB121\LIB\RTL.LIB|fparse ACBP=A9
 0002:0009C844 00000004 C=DATA    S=_DATA    G=DGROUP   M=C:\XHB121\LIB\RTL.LIB|fstemp ACBP=A9
 0002:0009C848 00000004 C=DATA    S=_DATA    G=DGROUP   M=C:\XHB121\LIB\RTL.LIB|gete ACBP=A9
 0002:0009C84C 0000001C C=DATA    S=_DATA    G=DGROUP   M=C:\XHB121\LIB\RTL.LIB|gtapi ACBP=A9
 0002:0009C868 00000060 C=DATA    S=_DATA    G=DGROUP   M=C:\XHB121\LIB\RTL.LIB|hbbitf ACBP=A9
 0002:0009C8C8 00000020 C=DATA    S=_DATA    G=DGROUP   M=C:\XHB121\LIB\RTL.LIB|hbffind ACBP=A9
 0002:0009C8E8 00000294 C=DATA    S=_DATA    G=DGROUP   M=C:\XHB121\LIB\RTL.LIB|hbgtcore ACBP=A9
 0002:0009CB7C 00000024 C=DATA    S=_DATA    G=DGROUP   M=C:\XHB121\LIB\RTL.LIB|hbhex2n ACBP=A9
 0002:0009CBA0 00000004 C=DATA    S=_DATA    G=DGROUP   M=C:\XHB121\LIB\RTL.LIB|hbrandom ACBP=A9
 0002:0009CBA4 00000360 C=DATA    S=_DATA    G=DGROUP   M=C:\XHB121\LIB\RTL.LIB|hbserv ACBP=A9
 0002:0009CF04 0000030C C=DATA    S=_DATA    G=DGROUP   M=C:\XHB121\LIB\RTL.LIB|hbxml ACBP=A9
 0002:0009D210 00000018 C=DATA    S=_DATA    G=DGROUP   M=C:\XHB121\LIB\RTL.LIB|idle ACBP=A9
 0002:0009D228 0000000C C=DATA    S=_DATA    G=DGROUP   M=C:\XHB121\LIB\RTL.LIB|inkey ACBP=A9
 0002:0009D234 00000060 C=DATA    S=_DATA    G=DGROUP   M=C:\XHB121\LIB\RTL.LIB|langapi ACBP=A9
 0002:0009D294 00000008 C=DATA    S=_DATA    G=DGROUP   M=C:\XHB121\LIB\RTL.LIB|left ACBP=A9
 0002:0009D29C 00000004 C=DATA    S=_DATA    G=DGROUP   M=C:\XHB121\LIB\RTL.LIB|len ACBP=A9
 0002:0009D2A0 00000154 C=DATA    S=_DATA    G=DGROUP   M=C:\XHB121\LIB\RTL.LIB|math ACBP=A9
 0002:0009D3F4 00000008 C=DATA    S=_DATA    G=DGROUP   M=C:\XHB121\LIB\RTL.LIB|minmax ACBP=A9
 0002:0009D3FC 00000004 C=DATA    S=_DATA    G=DGROUP   M=C:\XHB121\LIB\RTL.LIB|padc ACBP=A9
 0002:0009D400 00000004 C=DATA    S=_DATA    G=DGROUP   M=C:\XHB121\LIB\RTL.LIB|padl ACBP=A9
 0002:0009D404 00000004 C=DATA    S=_DATA    G=DGROUP   M=C:\XHB121\LIB\RTL.LIB|padr ACBP=A9
 0002:0009D408 000000E4 C=DATA    S=_DATA    G=DGROUP   M=C:\XHB121\LIB\RTL.LIB|philes ACBP=A9
 0002:0009D4EC 00000018 C=DATA    S=_DATA    G=DGROUP   M=C:\XHB121\LIB\RTL.LIB|philesx ACBP=A9
 0002:0009D504 000000D4 C=DATA    S=_DATA    G=DGROUP   M=C:\XHB121\LIB\RTL.LIB|regex ACBP=A9
 0002:0009D5D8 0000000C C=DATA    S=_DATA    G=DGROUP   M=C:\XHB121\LIB\RTL.LIB|replic ACBP=A9
 0002:0009D5E4 00000008 C=DATA    S=_DATA    G=DGROUP   M=C:\XHB121\LIB\RTL.LIB|right ACBP=A9
 0002:0009D5EC 0000000C C=DATA    S=_DATA    G=DGROUP   M=C:\XHB121\LIB\RTL.LIB|round ACBP=A9
 0002:0009D5F8 00000008 C=DATA    S=_DATA    G=DGROUP   M=C:\XHB121\LIB\RTL.LIB|seconds ACBP=A9
 0002:0009D600 000000A4 C=DATA    S=_DATA    G=DGROUP   M=C:\XHB121\LIB\RTL.LIB|set ACBP=A9
 0002:0009D6A4 00000004 C=DATA    S=_DATA    G=DGROUP   M=C:\XHB121\LIB\RTL.LIB|setcolor ACBP=A9
 0002:0009D6A8 00000008 C=DATA    S=_DATA    G=DGROUP   M=C:\XHB121\LIB\RTL.LIB|space ACBP=A9
 0002:0009D6B0 00000004 C=DATA    S=_DATA    G=DGROUP   M=C:\XHB121\LIB\RTL.LIB|spfiles ACBP=A9
 0002:0009D6B4 00000004 C=DATA    S=_DATA    G=DGROUP   M=C:\XHB121\LIB\RTL.LIB|str ACBP=A9
 0002:0009D6B8 0000000C C=DATA    S=_DATA    G=DGROUP   M=C:\XHB121\LIB\RTL.LIB|strcase ACBP=A9
 0002:0009D6C4 00000004 C=DATA    S=_DATA    G=DGROUP   M=C:\XHB121\LIB\RTL.LIB|strdel ACBP=A9
 0002:0009D6C8 0000000C C=DATA    S=_DATA    G=DGROUP   M=C:\XHB121\LIB\RTL.LIB|strtran ACBP=A9
 0002:0009D6D4 0000000C C=DATA    S=_DATA    G=DGROUP   M=C:\XHB121\LIB\RTL.LIB|strzero ACBP=A9
 0002:0009D6E0 00000004 C=DATA    S=_DATA    G=DGROUP   M=C:\XHB121\LIB\RTL.LIB|stuff ACBP=A9
 0002:0009D6E4 00000008 C=DATA    S=_DATA    G=DGROUP   M=C:\XHB121\LIB\RTL.LIB|substr ACBP=A9
 0002:0009D6EC 000000C0 C=DATA    S=_DATA    G=DGROUP   M=C:\XHB121\LIB\RTL.LIB|tprinter ACBP=A9
 0002:0009D7AC 00000030 C=DATA    S=_DATA    G=DGROUP   M=C:\XHB121\LIB\RTL.LIB|trace ACBP=A9
 0002:0009D7DC 0000016C C=DATA    S=_DATA    G=DGROUP   M=C:\XHB121\LIB\RTL.LIB|transfrm ACBP=A9
 0002:0009D948 00000010 C=DATA    S=_DATA    G=DGROUP   M=C:\XHB121\LIB\RTL.LIB|trim ACBP=A9
 0002:0009D958 00000008 C=DATA    S=_DATA    G=DGROUP   M=C:\XHB121\LIB\RTL.LIB|type ACBP=A9
 0002:0009D960 0000000C C=DATA    S=_DATA    G=DGROUP   M=C:\XHB121\LIB\RTL.LIB|valtype ACBP=A9
 0002:0009D96C 00000058 C=DATA    S=_DATA    G=DGROUP   M=C:\XHB121\LIB\RTL.LIB|version ACBP=A9
 0002:0009D9C4 00000008 C=DATA    S=_DATA    G=DGROUP   M=C:\XHB121\LIB\RTL.LIB|word ACBP=A9
 0002:0009D9CC 00000008 C=DATA    S=_DATA    G=DGROUP   M=C:\XHB121\LIB\RTL.LIB|xhelp ACBP=A9
 0002:0009D9D4 00000004 C=DATA    S=_DATA    G=DGROUP   M=C:\XHB121\LIB\RTL.LIB|xsavescr ACBP=A9
 0002:0009D9D8 0000182C C=DATA    S=_DATA    G=DGROUP   M=C:\XHB121\LIB\RTL.LIB|cstr ACBP=A9
 0002:0009F204 000000E4 C=DATA    S=_DATA    G=DGROUP   M=C:\XHB121\LIB\RTL.LIB|memvarbl ACBP=A9
 0002:0009F2E8 00001170 C=DATA    S=_DATA    G=DGROUP   M=C:\XHB121\LIB\RTL.LIB|objfunc ACBP=A9
 0002:000A0458 0000198C C=DATA    S=_DATA    G=DGROUP   M=C:\XHB121\LIB\RTL.LIB|tclass ACBP=A9
 0002:000A1DE4 000069E4 C=DATA    S=_DATA    G=DGROUP   M=C:\XHB121\LIB\RTL.LIB|tget ACBP=A9
 0002:000A87C8 00000C70 C=DATA    S=_DATA    G=DGROUP   M=C:\XHB121\LIB\RTL.LIB|tobject ACBP=A9
 0002:000A9438 000004C4 C=DATA    S=_DATA    G=DGROUP   M=C:\XHB121\LIB\RTL.LIB|traceprg ACBP=A9
 0002:000A98FC 0000186C C=DATA    S=_DATA    G=DGROUP   M=C:\XHB121\LIB\RTL.LIB|tscalar ACBP=A9
 0002:000AB168 000026B8 C=DATA    S=_DATA    G=DGROUP   M=C:\XHB121\LIB\RTL.LIB|txml ACBP=A9
 0002:000AD820 000022E4 C=DATA    S=_DATA    G=DGROUP   M=C:\XHB121\LIB\RTL.LIB|win32ole ACBP=A9
 0002:000AFB04 00000048 C=DATA    S=_DATA    G=DGROUP   M=C:\XHB121\LIB\VM.LIB|arrays ACBP=A9
 0002:000AFB4C 00000188 C=DATA    S=_DATA    G=DGROUP   M=C:\XHB121\LIB\VM.LIB|arrayshb ACBP=A9
 0002:000AFCD4 000005B8 C=DATA    S=_DATA    G=DGROUP   M=C:\XHB121\LIB\VM.LIB|classes ACBP=A9
 0002:000B028C 00000024 C=DATA    S=_DATA    G=DGROUP   M=C:\XHB121\LIB\VM.LIB|classesc ACBP=A9
 0002:000B02B0 0000015C C=DATA    S=_DATA    G=DGROUP   M=C:\XHB121\LIB\VM.LIB|cmdarg ACBP=A9
 0002:000B040C 00000034 C=DATA    S=_DATA    G=DGROUP   M=C:\XHB121\LIB\VM.LIB|codebloc ACBP=A9
 0002:000B0440 00000030 C=DATA    S=_DATA    G=DGROUP   M=C:\XHB121\LIB\VM.LIB|debug ACBP=A9
 0002:000B0470 0000001C C=DATA    S=_DATA    G=DGROUP   M=C:\XHB121\LIB\VM.LIB|dynsym ACBP=A9
 0002:000B048C 00000200 C=DATA    S=_DATA    G=DGROUP   M=C:\XHB121\LIB\VM.LIB|errorapi ACBP=A9
 0002:000B068C 00000188 C=DATA    S=_DATA    G=DGROUP   M=C:\XHB121\LIB\VM.LIB|estack ACBP=A9
 0002:000B0814 0000001C C=DATA    S=_DATA    G=DGROUP   M=C:\XHB121\LIB\VM.LIB|eval ACBP=A9
 0002:000B0830 00000004 C=DATA    S=_DATA    G=DGROUP   M=C:\XHB121\LIB\VM.LIB|extend ACBP=A9
 0002:000B0834 00000048 C=DATA    S=_DATA    G=DGROUP   M=C:\XHB121\LIB\VM.LIB|garbage ACBP=A9
[...]
 0002:000BBCC4  __ectbl__ std::basic_streambuf<wchar_t, std::char_traits<wchar_t> >::basic_streambuf<wchar_t, std::char_traits<wchar_t> >()
 0002:000BBD00  __odtbl__ std::basic_ios<wchar_t, std::char_traits<wchar_t> >::basic_ios<wchar_t, std::char_traits<wchar_t> >()
 0002:000BBD10  __ectbl__ std::basic_ios<wchar_t, std::char_traits<wchar_t> >::basic_ios<wchar_t, std::char_traits<wchar_t> >()
 0002:000BBD28  __odtbl__ std::basic_ios<wchar_t, std::char_traits<wchar_t> >::widen(char) const
 0002:000BBD48  __ectbl__ std::basic_ios<wchar_t, std::char_traits<wchar_t> >::widen(char) const
 0002:000BBD6C  __odtbl__ const std::ctype<wchar_t>& std::use_facet<std::ctype<wchar_t> >(const std::locale&)
 0002:000BBD9C  __ectbl__ const std::ctype<wchar_t>& std::use_facet<std::ctype<wchar_t> >(const std::locale&)
 0002:000BBDCC  __odtbl__ std::ctype<wchar_t>::_Getcat(const std::locale::facet * *)
 0002:000BBDDC  __ectbl__ std::ctype<wchar_t>::_Getcat(const std::locale::facet * *)
 0002:000BBE00  __odtbl__ std::ctype<wchar_t>::ctype<wchar_t>(unsigned int)
 0002:000BBE20  __ectbl__ std::ctype<wchar_t>::ctype<wchar_t>(unsigned int)
 0002:000BBE44  std::_Facetptr<std::ctype<wchar_t> >::_Psave
 0002:000BBE48  __odtbl__ std::basic_filebuf<wchar_t, std::char_traits<wchar_t> >::basic_filebuf<wchar_t, std::char_traits<wchar_t> >(std::_Uninitialized)
 0002:000BBE58  __ectbl__ std::basic_filebuf<wchar_t, std::char_traits<wchar_t> >::basic_filebuf<wchar_t, std::char_traits<wchar_t> >(std::_Uninitialized)
 0002:000BBE70  __odtbl__ std::basic_istream<wchar_t, std::char_traits<wchar_t> >::basic_istream<wchar_t, std::char_traits<wchar_t> >(std::_Uninitialized)
 0002:000BBE80  __ectbl__ std::basic_istream<wchar_t, std::char_traits<wchar_t> >::basic_istream<wchar_t, std::char_traits<wchar_t> >(std::_Uninitialized)
 0002:000BBE98  __odtbl__ std::basic_ostream<wchar_t, std::char_traits<wchar_t> >::basic_ostream<wchar_t, std::char_traits<wchar_t> >(std::_Uninitialized)
 0002:000BBEA8  __ectbl__ std::basic_ostream<wchar_t, std::char_traits<wchar_t> >::basic_ostream<wchar_t, std::char_traits<wchar_t> >(std::_Uninitialized)
 0002:000BBEC0  __odtbl__ std::basic_ostream<wchar_t, std::char_traits<wchar_t> >::~basic_ostream<wchar_t, std::char_traits<wchar_t> >()
 0002:000BBED0  __ectbl__ std::basic_ostream<wchar_t, std::char_traits<wchar_t> >::~basic_ostream<wchar_t, std::char_traits<wchar_t> >()
 0002:000BBEE8  __odtbl__ std::basic_istream<wchar_t, std::char_traits<wchar_t> >::~basic_istream<wchar_t, std::char_traits<wchar_t> >()
 0002:000BBEF8  __ectbl__ std::basic_istream<wchar_t, std::char_traits<wchar_t> >::~basic_istream<wchar_t, std::char_traits<wchar_t> >()
 0002:000BBF10  __odtbl__ std::basic_filebuf<wchar_t, std::char_traits<wchar_t> >::~basic_filebuf<wchar_t, std::char_traits<wchar_t> >()
 0002:000BBF20  __ectbl__ std::basic_filebuf<wchar_t, std::char_traits<wchar_t> >::~basic_filebuf<wchar_t, std::char_traits<wchar_t> >()
 0002:000BBF38  __odtbl__ std::basic_streambuf<wchar_t, std::char_traits<wchar_t> >::basic_streambuf<wchar_t, std::char_traits<wchar_t> >(std::_Uninitialized)
 0002:000BBF48  __ectbl__ std::basic_streambuf<wchar_t, std::char_traits<wchar_t> >::basic_streambuf<wchar_t, std::char_traits<wchar_t> >(std::_Uninitialized)
 0002:000BBF60  __odtbl__ std::basic_ios<wchar_t, std::char_traits<wchar_t> >::~basic_ios<wchar_t, std::char_traits<wchar_t> >()
 0002:000BBF70  __ectbl__ std::basic_ios<wchar_t, std::char_traits<wchar_t> >::~basic_ios<wchar_t, std::char_traits<wchar_t> >()
 0002:000BBF88  __odtbl__ std::basic_filebuf<wchar_t, std::char_traits<wchar_t> >::_Endwrite()
 0002:000BBFA8  __ectbl__ std::basic_filebuf<wchar_t, std::char_traits<wchar_t> >::_Endwrite()
 0002:000BBFCC  __ectbl__ std::basic_streambuf<wchar_t, std::char_traits<wchar_t> >::~basic_streambuf<wchar_t, std::char_traits<wchar_t> >()
 0002:000BBFD8  @std@%ctype$b%@3
 0002:000BC018  @std@%basic_ios$b19std@%char_traits$b%%@3
 0002:000BC028  @std@%basic_streambuf$b19std@%char_traits$b%%@3
 0002:000BC070  @std@%basic_ostream$b19std@%char_traits$b%%@3
 0002:000BC08C  @std@%basic_istream$b19std@%char_traits$b%%@3
 0002:000BC0A8  @std@%basic_filebuf$b19std@%char_traits$b%%@3
 0002:000BC0F0  __odtbl__ std::ctype<wchar_t>::~ctype<wchar_t>()
 0002:000BC100  __ectbl__ std::ctype<wchar_t>::~ctype<wchar_t>()
 0002:000BC118  __odtbl__ std::basic_filebuf<wchar_t, std::char_traits<wchar_t> >::overflow(wchar_t)
 0002:000BC138  __ectbl__ std::basic_filebuf<wchar_t, std::char_traits<wchar_t> >::overflow(wchar_t)
 0002:000BC15C  __odtbl__ std::basic_filebuf<wchar_t, std::char_traits<wchar_t> >::uflow()
 0002:000BC17C  __ectbl__ std::basic_filebuf<wchar_t, std::char_traits<wchar_t> >::uflow()
 0002:000BC1A0  __odtbl__ const std::codecvt<wchar_t, char, int>& std::use_facet<std::codecvt<wchar_t, char, int> >(const std::locale&)
 0002:000BC1D0  __ectbl__ const std::codecvt<wchar_t, char, int>& std::use_facet<std::codecvt<wchar_t, char, int> >(const std::locale&)
 0002:000BC200  __odtbl__ std::codecvt<wchar_t, char, int>::_Getcat(const std::locale::facet * *)
 0002:000BC210  __ectbl__ std::codecvt<wchar_t, char, int>::_Getcat(const std::locale::facet * *)
 0002:000BC234  __odtbl__ std::codecvt<wchar_t, char, int>::codecvt<wchar_t, char, int>(unsigned int)
 0002:000BC254  __ectbl__ std::codecvt<wchar_t, char, int>::codecvt<wchar_t, char, int>(unsigned int)
 0002:000BC278  @std@%codecvt$bci%@3
 0002:000BC2A4  std::_Facetptr<std::codecvt<wchar_t, char, int> >::_Psave
 0002:000BC2A8  __odtbl__ std::codecvt<wchar_t, char, int>::~codecvt<wchar_t, char, int>()
 0002:000BC2B8  __ectbl__ std::codecvt<wchar_t, char, int>::~codecvt<wchar_t, char, int>()
 0002:000BC2D0  __thrwl__ std::codecvt<wchar_t, char, int>::do_always_noconv() const
 0002:000BC2D4  __ectbl__ std::codecvt<wchar_t, char, int>::do_always_noconv() const
 0002:000BC2E0  __thrwl__ std::codecvt<wchar_t, char, int>::do_max_length() const
 0002:000BC2E4  __ectbl__ std::codecvt<wchar_t, char, int>::do_max_length() const
 0002:000BC2F0  __thrwl__ std::codecvt<wchar_t, char, int>::do_encoding() const
 0002:000BC2F4  __ectbl__ std::codecvt<wchar_t, char, int>::do_encoding() const
 0002:000BC300  std::ctype<wchar_t>::id
 0002:000BC304  __vdflg__ std::ctype<wchar_t>::id
 0002:000BC308  time_put<wchar_t, std::ostreambuf_iterator<wchar_t, std::char_traits<wchar_t> > >::id
 0002:000BC30C  __vdflg__ time_put<wchar_t, std::ostreambuf_iterator<wchar_t, std::char_traits<wchar_t> > >::id
 0002:000BC310  std::num_get<wchar_t, std::istreambuf_iterator<wchar_t, std::char_traits<wchar_t> > >::id
 0002:000BC314  __vdflg__ std::num_get<wchar_t, std::istreambuf_iterator<wchar_t, std::char_traits<wchar_t> > >::id
 0002:000BC318  std::num_put<wchar_t, std::ostreambuf_iterator<wchar_t, std::char_traits<wchar_t> > >::id
 0002:000BC31C  __vdflg__ std::num_put<wchar_t, std::ostreambuf_iterator<wchar_t, std::char_traits<wchar_t> > >::id
 0002:000BC320  std::numpunct<wchar_t>::id
 0002:000BC324  __vdflg__ std::numpunct<wchar_t>::id
 0002:000BC328  std::collate<wchar_t>::id
 0002:000BC32C  __vdflg__ std::collate<wchar_t>::id
 0002:000BC330  std::messages<wchar_t>::id
 0002:000BC334  __vdflg__ std::messages<wchar_t>::id
 0002:000BC338  std::money_get<wchar_t, std::istreambuf_iterator<wchar_t, std::char_traits<wchar_t> > >::id
 0002:000BC33C  __vdflg__ std::money_get<wchar_t, std::istreambuf_iterator<wchar_t, std::char_traits<wchar_t> > >::id
 0002:000BC340  std::money_put<wchar_t, std::ostreambuf_iterator<wchar_t, std::char_traits<wchar_t> > >::id
 0002:000BC344  __vdflg__ std::money_put<wchar_t, std::ostreambuf_iterator<wchar_t, std::char_traits<wchar_t> > >::id
 0002:000BC348  std::moneypunct<wchar_t, 0>::id
 0002:000BC34C  __vdflg__ std::moneypunct<wchar_t, 0>::id
 0002:000BC350  std::moneypunct<wchar_t, 1>::id
 0002:000BC354  __vdflg__ std::moneypunct<wchar_t, 1>::id
 0002:000BC358  std::time_get<wchar_t, std::istreambuf_iterator<wchar_t, std::char_traits<wchar_t> > >::id
 0002:000BC35C  __vdflg__ std::time_get<wchar_t, std::istreambuf_iterator<wchar_t, std::char_traits<wchar_t> > >::id
 0002:000BC360  d2252_1
 0002:000BC564  d2256_1
 0002:000BC5C8  d2398_1
 0002:000BC5CC  d2400_1
 0002:000BC6DC  d2410_1
 0002:000BC6E0  __heap_redirector
 0002:000BC6FC  d2414_1
 0002:000BC6FC  __virt_heap_size
 0002:000BC700  __virt_chunk_size
 0002:000BC704  __virt_chunk_size2
 0002:000BC708  __nv_heap_size
 0002:000BC70C  __smalloc_threshold
 0002:000BC710  __virt_chunk_free
 0002:000BC714  __virt_chunk_free2
 0002:000BC718  __firstHeap
 0002:000BC71C  __lastHeap
 0002:000BC720  __linktable
 0002:000BC724  __freeStart
 0002:000BC730  __rover
 0002:000BC738  ___allocated
 0002:000BC73C  d2560_1
 0002:000BC750  d2632_0
 0002:000BC750  ___xxPersonality
 0002:000BC754  d2634_1
 0002:000BCA78  @std@bad_typeid@3
 0002:000BCA8C  ___terminatePTR
 0002:000BCA8C  d2636_1
 0002:000BCA90  ___unexpectdPTR
 0002:000BCA94  d2638_1
 0002:000BCA94  ___CPPexceptionList
 0002:000BCA98  ___exceptFlags
 0002:000BCA9C  ___throwFileName
 0002:000BCAA0  ___throwLineNumber
 0002:000BCAA4  ___throwExceptionName
 0002:000BCAA8  ___exceptStaticBuffP
 0002:000BCAAC  ___exceptMemAllocVars
 0002:000BCAB0  ___ExceptStaticXbuff
 0002:000BCB30  __ExceptVarsSize
 0002:000BCB44  __chtbl__ __call_terminate()
 0002:000BCB64  __ectbl__ __call_terminate()
 0002:000BCB7C  d2644_1
 0002:000BCB7C  __stkchk
 0002:000BCB90  d2660_1
 0002:000BCB9C  __cfinfo_get
 0002:000BCB9C  d2680_1
 0002:000BCBA0  __notUmask
 0002:000BCBA0  d2734_1
 0002:000BCBA4  __fileinfo
 0002:000BCBA4  d2760_0
 0002:000BCBA8  d2830_0
 0002:000BCBA8  __streams
 0002:000BD058  d2832_0
 0002:000BD058  __nfile
 0002:000BD05C  __openfd
 0002:000BD124  d2842_0
 0002:000BD124  __fmode
 0002:000BD128  __fmodeptr
 0002:000BD128  d2844_1
 0002:000BD12C  d2909_1
 0002:000BD12C  __dosErrorToSV
 0002:000BD258  d2932_1
 0002:000BD264  __sys_errlist
 0002:000BD264  d2940_1
 0002:000BD32C  __sys_nerr
 0002:000BD6F8  d3002_1
 0002:000BD710  d3034_1
 0002:000BD788  d3114_0
 0002:000BD788  __chartype
 0002:000BD98C  __localeconvention
 0002:000BD98C  d3116_1
 0002:000BD9C8  d3118_1
 0002:000BDA18  d3120_0
 0002:000BDA18  __lower
 0002:000BDB18  d3124_0
 0002:000BDB18  __upper
 0002:000BDC18  d3140_1
 0002:000BDC18  ___mb_cur_max
 0002:000BDC1C  ___localeLock
 0002:000BDD30  d3142_0
 0002:000BDD30  _CMonetary
 0002:000BDD64  _CNumeric
 0002:000BDD7C  _CTimeDate
 0002:000BDE40  _CLOCALE
 0002:000BDE6C  ___locale
 0002:000BDF90  d3144_1
 0002:000BE01C  d3270_1
 0002:000BE02C  d3276_1
 0002:000BE0EC  d3313_1
 0002:000BE0F8  __realcvtptr
 0002:000BE0F8  d3331_1
 0002:000BE0FC  __nextrealptr
 0002:000BE100  __scantodptr
 0002:000BE104  __scanrsltptr
 0002:000BE160  __realcvtwptr
 0002:000BE160  d3333_1
 0002:000BE164  __nextrealwptr
 0002:000BE168  __scanwtodptr
 0002:000BE16C  __scanwrsltptr
 0002:000BE1C8  __default87
 0002:000BE1C8  d3335_0
 0002:000BE1CC  d3341_1
 0002:000BE1D8  d3349_1
 0002:000BE1EC  d3351_1
 0002:000BE204  d3389_0
 0002:000BE204  __huge_flt
 0002:000BE208  __huge_dble
 0002:000BE210  __huge_ldble
 0002:000BE21A  __max_flt
 0002:000BE21E  __max_dble
 0002:000BE226  __max_ldble
 0002:000BE230  __indefinite
 0002:000BE234  __tiny_ldble
 0002:000BE240  ___ieee_64_p_inf
 0002:000BE248  ___ieee_64_n_inf
 0002:000BE250  ___ieee_64_p_nanq
 0002:000BE258  ___ieee_64_n_nanq
 0002:000BE260  ___ieee_64_p_nans
 0002:000BE268  ___ieee_64_n_nans
 0002:000BE270  ___ieee_64_p_zero
 0002:000BE278  ___ieee_64_n_zero
 0002:000BE280  d3399_0
 0002:000BE280  __turboFloat
 0002:000BE284  __floatconvert
 0002:000BE288  d3413_1
 0002:000BE294  __pmatherr
 0002:000BE294  d3437_1
 0002:000BE298  __pmatherrl
 0002:000BE29C  __mathwhy
 0002:000BE29C  d3441_0
 0002:000BE2E0  d3451_1
 0002:000BE2FC  d3463_1
 0002:000BE304  d3465_1
 0002:000BE318  d3467_1
 0002:000BE340  d3474_1
 0002:000BE368  d3476_1
 0002:000BE390  d3478_1
 0002:000BE39C  d3486_1
 0002:000BE3AC  __kalpha
 0002:000BE3AC  d3534_1
 0002:000BE3AE  __kpunct
 0002:000BE3F4  d3670_1
 0002:000BE418  d3684_1
 0002:000BE43C  _errno
 0002:000BE43C  d3686_1
 0002:000BE440  __messagefunc
 0002:000BE440  d3688_1
 0002:000BE444  __messagefile
 0002:000BE450  d3696_1
 0002:000BE478  d3698_1
 0002:000BE498  d3715_1
 0002:000BE4B8  ___pCallAtExitProcs
 0002:000BE4B8  d3717_0
 0002:000BE4BC  __exitbuf
 0002:000BE4BC  d3753_1
 0002:000BE4C0  __exitfopen
 0002:000BE4C4  __exitopen
 0002:000BE4C8  d3773_0
 0002:000BE4C8  __setargv_ptr
 0002:000BE4CC  __exitargv_ptr
 0002:000BE4D0  d3775_0
 0002:000BE4D0  __wsetargv_ptr
 0002:000BE4D4  __wexitargv_ptr
 0002:000BE4D8  d3777_1
 0002:000BE4D8  __setargv__
 0002:000BE52C  __cmdline_escapes
 0002:000BE52C  d3779_1
 0002:000BE554  d3781_1
 0002:000BE578  d3834_0
 0002:000BE578  __argv_expand_ptr
 0002:000BE57C  __wargv_expand_ptr
 0002:000BE57C  d3836_0
 0002:000BE580  d3838_1
 0002:000BE580  __argv0
 0002:000BE5A0  d3852_1
 0002:000BE5A0  __setenvp__
 0002:000BE5F4  d3856_1
 0002:000BE654  __isWindows
 0002:000BE654  d3874_0
 0002:000BE658  d3875_1
 0002:000BE65C  d3905_0
 0002:000BE65C  __SWeekday
 0002:000BE678  __LWeekday
 0002:000BE694  __SMonth
 0002:000BE6C4  __LMonth
 0002:000BE6F4  __AmPm
 0002:000BE6FC  __Days
 0002:000BE708  __YDays
 0002:000BE820  __timezone
 0002:000BE820  d3911_1
 0002:000BE824  __daylight
 0002:000BE828  __tzname
 0002:000BE828  d3913_1
 0002:000BE838  d3969_1
 0002:000BE838  ___debuggerDisableTerminateCallback
 0002:000BF124  _GUID_NULL
 0002:000BF124  d4123_0
 0002:000BF134  _IID_IUnknown
 0002:000BF144  _IID_IRichEditOleCallback
 0002:000BF154  _IID_IEnumVARIANT
 0002:000BF164  _IID_IDispatch
 0002:000BF174  _IID_IDataObject
 0002:000BF184  _IID_IPersistStreamInit
 0002:000BF194  _IID_IOleControlSite
 0002:000BF1A4  _IID_IProvideClassInfo2
 0002:000BF1B4  _IID_IProvideClassInfo
 0002:000BF1C4  _IID_IClassFactory2
 0002:000BF1D4  _IID_IConnectionPointContainer
 0002:000BF1E4  _IID_IOleInPlaceSite
 0002:000BF1F4  _IID_IOleInPlaceObject
 0002:000BF204  _IID_IOleInPlaceFrame
 0002:000BF214  _IID_IOleInPlaceUIWindow
 0002:000BF224  _IID_IOleWindow
 0002:000BF234  _IID_IOleObject
 0002:000BF244  _IID_IOleClientSite
 0003:00000000  b2_2
 0003:00000018  b3_2
 0003:00000094  b30_2
 0003:000000AC  b32_2
 0003:000000C4  b34_2
 0003:000000DC  b38_2
 0003:000000F4  b44_2
 0003:0000010C  b46_2
 0003:00000124  b48_2
 0003:0000013C  b50_2
 0003:00000154  b52_2
 0003:0000016C  b72_2
 0003:00000184  b76_2
 0003:0000019C  b88_2
 0003:000001B4  b90_2
 0003:000001CC  b92_2
 0003:000001E4  b96_2
 0003:000001FC  b100_2
 0003:00000214  b102_2
 0003:0000022C  b104_2
 0003:00000244  b106_2
 0003:0000025C  _pHTMLHELP
 0003:00000260  b110_2
 0003:00000278  b116_2
 0003:00000290  b118_2
 0003:000002A8  b122_2
 0003:000002C0  b134_2
 0003:000002D8  b136_2
 0003:000002F0  b140_2
 0003:00000308  b144_2
 0003:00000320  b148_2
 0003:00000338  b156_2
 0003:00000350  b162_2
 0003:00000368  b180_2
 0003:00000380  b184_2
 0003:00000398  b186_2
 0003:000003B0  b188_2
 0003:000003C8  b190_2
 0003:000003E0  b196_2
 0003:000003F8  b204_2
 0003:00000410  b206_2
 0003:00000428  b210_2
 0003:00000440  b214_2
 0003:00000458  b224_2
 0003:00000470  b230_2
 0003:00000488  b240_2
 0003:000004A0  b288_2
 0003:000004B8  b296_2
 0003:000004D0  b302_2
 0003:000004E8  b306_2
 0003:00000500  b320_2
 0003:00000518  b326_2
 0003:00000530  b354_2
 0003:00000548  b366_2
 0003:00000560  b394_2
 0003:00000578  b396_2
 0003:00000590  b402_2
 0003:000005A8  b404_2
 0003:000005C0  b408_2
 0003:000005D8  b416_2
 0003:000005F0  b428_2
 0003:00000608  b430_2
 0003:00000620  _fp
 0003:00000624  _nDocLen
 0003:00000628  b438_2
 0003:00000640  b440_2
 0003:00000658  b442_2
 0003:00000670  b444_2
 0003:00000688  b448_2
 0003:000006A0  b450_2
 0003:000006B8  b452_2
 0003:000006D0  b454_2
 0003:000006E8  b456_2
 0003:00000700  b462_2
 0003:00000718  b466_2
 0003:00000730  b472_2
 0003:00000748  b520_1
 0003:000007C0  b546_2
 0003:000007C0  _fnIsWow64Process
 0003:000007C4  b554_2
 0003:000008CC  b556_2
 0003:00000A5C  b572_2
 0003:000021CC  b574_1
 0003:000021D0  b606_2
 0003:0000222C  b608_2
 0003:00002284  b676_2
 0003:0000232C  b688_2
 0003:00002330  b704_2
 0003:000023D0  b750_2
 0003:00002510  b760_2
 0003:00002518  b770_2
 0003:0000255C  b786_2
 0003:00002574  b900_2
 0003:00002578  b916_2
 0003:00002590  b922_2
 0003:000025A0  b928_2
 0003:00002620  b936_2
 0003:00002838  b960_1
 0003:00002840  b990_2
 0003:0000294C  b1024_2
 0003:00002B4C  b1097_2
 0003:00002B4C  _s_PrintFileName
 0003:00002C54  _s_PrinterName
 0003:00002D5C  _s_isDefaultPrinterDevice
 0003:00002D60  b1107_1
 0003:00002D64  b1162_2
 0003:00002D7C  b1168_2
 0003:00002D80  b1187_2
 0003:00002D98  b1227_2
 0003:00002DB0  b1233_2
 0003:00002DC8  b1267_2
 0003:00002DE0  b1271_2
 0003:00002DF8  b1281_2
 0003:00002E10  b1285_2
 0003:00002E28  b1293_2
 0003:00002E40  b1301_2
 0003:00002E58  b1307_2
 0003:00002EE0  b1327_2
 0003:00002EF8  b1341_2
 0003:00002EFC  b1343_2
 0003:00002EFC  _hb_stackST
 0003:000045DC  b1349_2
 0003:000045F4  b1357_2
 0003:00004784  b1359_2
 0003:000047BC  b1389_2
 0003:000047D4  b1395_2
 0003:00004AD4  b1515_2
 0003:00004B18  b1523_2
 0003:00004BE0  _yyleng
 0003:00004BEC  _yyin
 0003:000095F8  b1549_2
 0003:000097A0  b1595_2
 0003:000097B8  b1599_2
 0003:000097D0  b1865_2
 0003:0000997C  b1867_2
 0003:00009B24  b2116_2
 0003:00009B3C  std::_Ios_init
 0003:00009B3C  b2212_2
 0003:00009B44  std::_Wios_init
 0003:00009BFC  std::cin
 0003:00009C4C  std::cout
 0003:00009CEC  std::cerr
 0003:00009D34  std::clog
 0003:00009D80  std::fpos<int>::_Stz
 0003:00009D84  b2216_2
 0003:00009D8C  b2218_2
 0003:00009D9C  b2226_2
 0003:00009DA0  b2244_2
 0003:00009EA8  std::wcin
 0003:00009EF8  std::wcout
 0003:00009F40  std::wcerr
 0003:00009F88  std::wclog
 0003:00009FD4  b2256_2
 0003:00009FDC  b2400_2
 0003:00009FDC  __bormm_pfn_FreeMem
 0003:00009FE0  __bormm_pfn_GetMem
 0003:00009FE4  __bormm_pfn_ReallocMem
 0003:00009FE8  __bormm_pfn_HeapAddRef
 0003:00009FEC  __bormm_pfn_HeapRelease
 0003:00009FF4  __borlndmm_GetMem
 0003:00009FF8  b2560_2
 0003:0000A09C  b2634_2
 0003:0000A4A4  b2638_2
 0003:0000A4A4  __DestructorCountPtr
 0003:0000A4AC  b2644_2
 0003:0000A4AC  __HandlerPtr
 0003:0000A4B0  __UserHandlerPtr
 0003:0000A4B4  b2832_1
 0003:0000A4B4  __pidtab
 0003:0000A57C  __handles
 0003:0000A644  b2909_2
 0003:0000A644  __doserrno
 0003:0000A648  b2915_1
 0003:0000A64C  b2917_1
 0003:0000A650  __tmpnum
 0003:0000A650  b2932_2
 0003:0000A660  b3534_2
 0003:0000A660  __mbctype
 0003:0000A764  __mbcsCodePage
 0003:0000A768  b3670_2
 0003:0000A868  b3684_2
 0003:0000A884  __ostype
 0003:0000A884  b3696_2
 0003:0000A888  b3700_1
 0003:0000A890  b3777_2
 0003:0000A890  __argv
 0003:0000A89C  b3779_2
 0003:0000A8A0  b3781_2
 0003:0000A8A4  b3852_2
 0003:0000A8A4  __environ
 0003:0000A8AC  __envsize
 0003:0000A8B0  __env_lock
 0003:0000A8B4  __C0argc
 0003:0000A8B4  b3874_1
 0003:0000A8B8  __C0argv
 0003:0000A8BC  __C0environ
 0003:0000A8C0  __oscmd
 0003:0000A8C4  __osenv
 0003:0000A8C8  __argc
 0003:0000A8CC  __dll_table
 0003:0000A8D4  __ExcRegPtr
 0003:0000A8D8  __wosenv
 0003:0000A8DC  __woscmd
 0003:0000A8E0  __wC0argv
 0003:0000A8E4  __wC0environ
 0003:0000A8E8  __exe_table
 0003:0000A8F0  __stkbase
 0003:0000A8F4  b3913_2
 0003:0000A8FC  b3969_2
 0003:0000A900  ___pCPPdebugHook
 0004:00000000  t2638_3
 0004:00000000  ___xxInfo
